Microchip MPLAB XC8 Compiler V2.00 ()

Linker command line:

-W-3 --edf=/opt/microchip/xc8/v2.00/pic/dat/en_msgs.txt -cs \
  -h+dist/default/production/ADCTEST.X.production.sym \
  --cmf=dist/default/production/ADCTEST.X.production.cmf -z -Q16F73 \
  -o/tmp/xcXRVa3s4 --defsym=__MPLAB_BUILD=1 \
  -Mdist/default/production/ADCTEST.X.production.map -E1 -ver=XC8 \
  --acfsm=1493 -ASTACK=0A0h-0fdh -pstack=STACK -ACODE=00h-07FFhx2 \
  -ASTRCODE=00h-0FFFh -ASTRING=00h-0FFhx16 -ACONST=00h-0FFhx16 \
  -AENTRY=00h-0FFhx16 -ABANK0=020h-07Dh -ABANK1=0A0h-0FDh \
  -ARAM=020h-07Dh,0A0h-0FDh -AABS1=020h-07Fh,0A0h-0FFh -ACOMMON=07Eh-07Fh \
  -ASFR0=00h-01Fh -ASFR1=080h-09Fh -ASFR2=0100h-017Dh -ASFR3=0180h-01FDh \
  -preset_vec=00h,intentry,init,end_init -ppowerup=CODE -pcinit=CODE \
  -pfunctab=ENTRY -ACONFIG=02007h-02007h -pconfig=CONFIG -DCONFIG=2 \
  -AIDLOC=02000h-02003h -pidloc=IDLOC -DIDLOC=2 -DCODE=2 -DSTRCODE=2 \
  -DSTRING=2 -DCONST=2 -DENTRY=2 -k /tmp/xcXLcYuDj.o \
  dist/default/production/ADCTEST.X.production.o 

Object code version is 3.11

Machine type is 16F73



                Name                               Link     Load   Length Selector   Space Scale
/tmp/xcXLcYuDj.o
                end_init                              0        0        2        0       0
                config                             2007     2007        1     400E       0
dist/default/production/ADCTEST.X.production.o
                cinit                               7F6      7F6        A      FEC       0
                text35                              327      327        4      64E       0
                text34                              32B      32B        4      656       0
                text33                              3EA      3EA       16      7D4       0
                text32                              566      566       34      ACC       0
                text31                              32F      32F        4      65E       0
                text30                              471      471       22      8E2       0
                text29                              378      378       13      6F0       0
                text28                              38B      38B       13      716       0
                text27                              39E      39E       13      73C       0
                text26                              35D      35D        D      6BA       0
                text25                              333      333        4      666       0
                text24                              623      623       52      C46       0
                text23                              6CA      6CA       67      D94       0
                text22                              4B8      4B8       27      970       0
                text21                              4DF      4DF       28      9BE       0
                text20                              5DC      5DC       47      BB8       0
                text19                              400      400       16      800       0
                text18                              3B1      3B1       13      762       0
                text17                              416      416       16      82C       0
                text16                              337      337        4      66E       0
                text15                              33B      33B        4      676       0
                text14                              507      507       2C      A0E       0
                text13                              42C      42C       16      858       0
                text12                              3C4      3C4       13      788       0
                text11                              3D7      3D7       13      7AE       0
                text10                              36A      36A        E      6D4       0
                text9                               352      352        B      6A4       0
                text8                               458      458       19      8B0       0
                text7                               33F      33F        4      67E       0
                text6                               343      343        7      686       0
                text5                               675      675       55      CEA       0
                text4                               533      533       33      A66       0
                text3                               493      493       25      926       0
                text2                               59A      59A       42      B34       0
                text1                               442      442       16      884       0
                maintext                            731      731       C5      E62       0
                cstackBANK0                          42       42        8       20       1
                clrtext                             34A      34A        8      694       0
                bssBANK0                             20       20       22       20       1

TOTAL           Name                               Link     Load   Length     Space
        CLASS   STACK          

        CLASS   CODE           
                end_init                              0        0        2         0
                cinit                               7F6      7F6        A         0
                text35                              327      327        4         0
                text34                              32B      32B        4         0
                text33                              3EA      3EA       16         0
                text32                              566      566       34         0
                text31                              32F      32F        4         0
                text30                              471      471       22         0
                text29                              378      378       13         0
                text28                              38B      38B       13         0
                text27                              39E      39E       13         0
                text26                              35D      35D        D         0
                text25                              333      333        4         0
                text24                              623      623       52         0
                text23                              6CA      6CA       67         0
                text22                              4B8      4B8       27         0
                text21                              4DF      4DF       28         0
                text20                              5DC      5DC       47         0
                text19                              400      400       16         0
                text18                              3B1      3B1       13         0
                text17                              416      416       16         0
                text16                              337      337        4         0
                text15                              33B      33B        4         0
                text14                              507      507       2C         0
                text13                              42C      42C       16         0
                text12                              3C4      3C4       13         0
                text11                              3D7      3D7       13         0
                text10                              36A      36A        E         0
                text9                               352      352        B         0
                text8                               458      458       19         0
                text7                               33F      33F        4         0
                text6                               343      343        7         0
                text5                               675      675       55         0
                text4                               533      533       33         0
                text3                               493      493       25         0
                text2                               59A      59A       42         0
                text1                               442      442       16         0
                maintext                            731      731       C5         0
                clrtext                             34A      34A        8         0

        CLASS   STRCODE        

        CLASS   STRING         

        CLASS   CONST          

        CLASS   ENTRY          

        CLASS   BANK0          
                cstackBANK0                          42       42        8         1
                bssBANK0                             20       20       22         1

        CLASS   BANK1          

        CLASS   RAM            

        CLASS   ABS1           
                abs_s1                               7E       7E        2         1

        CLASS   COMMON         

        CLASS   SFR0           

        CLASS   SFR1           

        CLASS   SFR2           

        CLASS   SFR3           

        CLASS   CONFIG         
                config                             2007     2007        1         0

        CLASS   IDLOC          

        CLASS   BANK3          

        CLASS   BANK2          

        CLASS   EEDATA         



SEGMENTS        Name                           Load    Length   Top    Selector   Space  Class     Delta

                reset_vec                      000000  000002  000002         0       0  CODE        2
                bssBANK0                       000020  00002A  00004A        20       1  BANK0       1
                text35                         000327  000004  00032B       64E       0  CODE        2
                text34                         00032B  000004  00032F       656       0  CODE        2
                text31                         00032F  000004  000333       65E       0  CODE        2
                text25                         000333  000004  000337       666       0  CODE        2
                text16                         000337  000004  00033B       66E       0  CODE        2
                text15                         00033B  000004  00033F       676       0  CODE        2
                text7                          00033F  000004  000343       67E       0  CODE        2
                text6                          000343  000007  00034A       686       0  CODE        2
                clrtext                        00034A  000008  000352       694       0  CODE        2
                text9                          000352  00000B  00035D       6A4       0  CODE        2
                text26                         00035D  00000D  00036A       6BA       0  CODE        2
                text10                         00036A  00000E  000378       6D4       0  CODE        2
                text29                         000378  000013  00038B       6F0       0  CODE        2
                text28                         00038B  000013  00039E       716       0  CODE        2
                text27                         00039E  000013  0003B1       73C       0  CODE        2
                text18                         0003B1  000013  0003C4       762       0  CODE        2
                text12                         0003C4  000013  0003D7       788       0  CODE        2
                text11                         0003D7  000013  0003EA       7AE       0  CODE        2
                text33                         0003EA  000016  000400       7D4       0  CODE        2
                text19                         000400  000016  000416       800       0  CODE        2
                text17                         000416  000016  00042C       82C       0  CODE        2
                text13                         00042C  000016  000442       858       0  CODE        2
                text1                          000442  000016  000458       884       0  CODE        2
                text8                          000458  000019  000471       8B0       0  CODE        2
                text30                         000471  000022  000493       8E2       0  CODE        2
                text3                          000493  000025  0004B8       926       0  CODE        2
                text22                         0004B8  000027  0004DF       970       0  CODE        2
                text21                         0004DF  000028  000507       9BE       0  CODE        2
                text14                         000507  00002C  000533       A0E       0  CODE        2
                text4                          000533  000033  000566       A66       0  CODE        2
                text32                         000566  000034  00059A       ACC       0  CODE        2
                text2                          00059A  000042  0005DC       B34       0  CODE        2
                text20                         0005DC  000047  000623       BB8       0  CODE        2
                text24                         000623  000052  000675       C46       0  CODE        2
                text5                          000675  000055  0006CA       CEA       0  CODE        2
                text23                         0006CA  000067  000731       D94       0  CODE        2
                maintext                       000731  0000C5  0007F6       E62       0  CODE        2
                cinit                          0007F6  00000A  000800       FEC       0  CODE        2
                config                         002007  000001  002008      400E       0  CONFIG      2


UNUSED ADDRESS RANGES

        Name                Unused          Largest block    Delta
        BANK0            004A-007D             34           1
        BANK1            00A0-00FD             5E           1
        CODE             0002-0326            325           2
                         0800-0FFF            800
        CONST            0002-0326            100           2
                         0800-0FFF            100
        ENTRY            0002-0326            100           2
                         0800-0FFF            100
        IDLOC            2000-2003              4           2
        RAM              004A-007D             34           1
                         00A0-00FD             5E
        SFR0             0000-001F             20           1
        SFR1             0080-009F             20           1
        SFR2             0100-017D             7E           1
        SFR3             0180-01FD             7E           1
        STACK            00A0-00FD             5E           1
        STRCODE          0002-0326            325           2
                         0800-0FFF            800
        STRING           0002-0326            100           2
                         0800-0FFF            100

                                  Symbol Table

?_ADC_readValue                        cstackBANK0  0042
ADC_selectorCanal@canal                cstackBANK0  0042
_ADCON0                                (abs)        001F
_ADCON1                                (abs)        009F
_ADC_ON                                text10       036A
_ADC_readValue                         text9        0352
_ADC_selectorCanal                     text8        0458
_ADC_setear_Clock                      text35       0327
_ADC_start_conversion                  text7        033F
_ADC_stop_conversion                   text6        0343
_ADRES                                 (abs)        001E
_RB0                                   (abs)        0030
_RB1                                   (abs)        0031
_RB2                                   (abs)        0032
_RB3                                   (abs)        0033
_RB4                                   (abs)        0034
_RB5                                   (abs)        0035
_RB6                                   (abs)        0036
_RC0                                   (abs)        0038
_RC1                                   (abs)        0039
_RC2                                   (abs)        003A
_RC3                                   (abs)        003B
_RC4                                   (abs)        003C
_RC5                                   (abs)        003D
_RC6                                   (abs)        003E
_RC7                                   (abs)        003F
_TRISA                                 (abs)        0085
_TRISB                                 (abs)        0086
_TRISC                                 (abs)        0087
__CFG_FOSC$HS                          (abs)        0000
__CFG_PWRTE$OFF                        (abs)        0000
__CFG_WDTE$OFF                         (abs)        0000
__Habs1                                abs1         0000
__Hbank0                               bank0        0000
__Hbank1                               bank1        0000
__Hbank2                               bank2        0000
__Hbank3                               bank3        0000
__HbssBANK0                            bssBANK0     0000
__Hcinit                               cinit        0800
__Hclrtext                             clrtext      0000
__Hcode                                code         0000
__Hcommon                              common       0000
__Hconfig                              config       2008
__HcstackBANK0                         cstackBANK0  0000
__HcstackCOMMON                        cstackCOMMON 0000
__Heeprom_data                         eeprom_data  0000
__Hend_init                            end_init     0002
__Hfunctab                             functab      0000
__Hidloc                               idloc        0000
__Hinit                                init         0000
__Hintentry                            intentry     0000
__Hmaintext                            maintext     0000
__Hpowerup                             powerup      0000
__Hram                                 ram          0000
__Hreset_vec                           reset_vec    0000
__Hsfr0                                sfr0         0000
__Hsfr1                                sfr1         0000
__Hsfr2                                sfr2         0000
__Hsfr3                                sfr3         0000
__Hspace_0                             (abs)        2008
__Hspace_1                             (abs)        004A
__Hspace_2                             (abs)        0000
__Hspace_3                             (abs)        0000
__Hstack                               stack        0000
__Hstrings                             strings      0000
__Htext                                text         0000
__Labs1                                abs1         0000
__Lbank0                               bank0        0000
__Lbank1                               bank1        0000
__Lbank2                               bank2        0000
__Lbank3                               bank3        0000
__LbssBANK0                            bssBANK0     0000
__Lcinit                               cinit        07F6
__Lclrtext                             clrtext      0000
__Lcode                                code         0000
__Lcommon                              common       0000
__Lconfig                              config       2007
__LcstackBANK0                         cstackBANK0  0000
__LcstackCOMMON                        cstackCOMMON 0000
__Leeprom_data                         eeprom_data  0000
__Lend_init                            end_init     0000
__Lfunctab                             functab      0000
__Lidloc                               idloc        0000
__Linit                                init         0000
__Lintentry                            intentry     0000
__Lmaintext                            maintext     0000
__Lpowerup                             powerup      0000
__Lram                                 ram          0000
__Lreset_vec                           reset_vec    0000
__Lsfr0                                sfr0         0000
__Lsfr1                                sfr1         0000
__Lsfr2                                sfr2         0000
__Lsfr3                                sfr3         0000
__Lspace_0                             (abs)        0000
__Lspace_1                             (abs)        0000
__Lspace_2                             (abs)        0000
__Lspace_3                             (abs)        0000
__Lstack                               stack        0000
__Lstrings                             strings      0000
__Ltext                                text         0000
__S0                                   (abs)        2008
__S1                                   (abs)        004A
__S2                                   (abs)        0000
___int_sp                              stack        0000
___latbits                             (abs)        0001
___sp                                  stack        0000
__end_of_ADC_ON                        text10       0378
__end_of_ADC_readValue                 text9        035D
__end_of_ADC_selectorCanal             text8        0471
__end_of_ADC_setear_Clock              text35       032B
__end_of_ADC_start_conversion          text7        0343
__end_of_ADC_stop_conversion           text6        034A
__end_of__initialization               cinit        07FD
__end_of_accionar_temperatura_presion  text32       059A
__end_of_accionar_tension_grupo        text20       0623
__end_of_activarArranque               text19       0416
__end_of_activarCombustible            text18       03C4
__end_of_activarPrecalentamiento       text17       042C
__end_of_activar_uso_de_red            text31       0333
__end_of_apagar_grupo                  text33       0400
__end_of_apagar_grupo_disponible       text29       038B
__end_of_apagar_grupo_en_uso           text28       039E
__end_of_apagar_led_red_disponible     text16       033B
__end_of_configuracion_inicial         text30       0493
__end_of_desactivarEquipo              text21       0507
__end_of_desactivarTensionGrupo        text26       036A
__end_of_desactivar_combustible        text27       03B1
__end_of_desactivar_uso_de_red         text15       033F
__end_of_encenderTransferencia         text14       0533
__end_of_encender_alarma               text34       032F
__end_of_encender_led_red_disponible   text25       0337
__end_of_funcion_minima                text13       0442
__end_of_grupo_disponible              text12       03D7
__end_of_grupo_en_uso                  text11       03EA
__end_of_iniciar_equipo                text3        04B8
__end_of_leer_canales                  text5        06CA
__end_of_leer_temperatura_presion      text24       0675
__end_of_leer_tension_grupo            text4        0566
__end_of_leer_tension_linea            text23       0731
__end_of_main                          maintext     07F6
__end_of_refrigeracion_de_grupo        text22       04DF
__end_of_reintentar_inicio             text2        05DC
__end_of_titilar_led_manual            text1        0458
__initialization                       cinit        07F6
__pbssBANK0                            bssBANK0     0020
__pcstackBANK0                         cstackBANK0  0042
__pcstackCOMMON                        cstackCOMMON 0000
__pmaintext                            maintext     0731
__ptext1                               text1        0442
__ptext10                              text10       036A
__ptext11                              text11       03D7
__ptext12                              text12       03C4
__ptext13                              text13       042C
__ptext14                              text14       0507
__ptext15                              text15       033B
__ptext16                              text16       0337
__ptext17                              text17       0416
__ptext18                              text18       03B1
__ptext19                              text19       0400
__ptext2                               text2        059A
__ptext20                              text20       05DC
__ptext21                              text21       04DF
__ptext22                              text22       04B8
__ptext23                              text23       06CA
__ptext24                              text24       0623
__ptext25                              text25       0333
__ptext26                              text26       035D
__ptext27                              text27       039E
__ptext28                              text28       038B
__ptext29                              text29       0378
__ptext3                               text3        0493
__ptext30                              text30       0471
__ptext31                              text31       032F
__ptext32                              text32       0566
__ptext33                              text33       03EA
__ptext34                              text34       032B
__ptext35                              text35       0327
__ptext4                               text4        0533
__ptext5                               text5        0675
__ptext6                               text6        0343
__ptext7                               text7        033F
__ptext8                               text8        0458
__ptext9                               text9        0352
__size_of_ADC_ON                       (abs)        0000
__size_of_ADC_readValue                (abs)        0000
__size_of_ADC_selectorCanal            (abs)        0000
__size_of_ADC_setear_Clock             (abs)        0000
__size_of_ADC_start_conversion         (abs)        0000
__size_of_ADC_stop_conversion          (abs)        0000
__size_of_accionar_temperatura_presion (abs)        0000
__size_of_accionar_tension_grupo       (abs)        0000
__size_of_activarArranque              (abs)        0000
__size_of_activarCombustible           (abs)        0000
__size_of_activarPrecalentamiento      (abs)        0000
__size_of_activar_uso_de_red           (abs)        0000
__size_of_apagar_grupo                 (abs)        0000
__size_of_apagar_grupo_disponible      (abs)        0000
__size_of_apagar_grupo_en_uso          (abs)        0000
__size_of_apagar_led_red_disponible    (abs)        0000
__size_of_configuracion_inicial        (abs)        0000
__size_of_desactivarEquipo             (abs)        0000
__size_of_desactivarTensionGrupo       (abs)        0000
__size_of_desactivar_combustible       (abs)        0000
__size_of_desactivar_uso_de_red        (abs)        0000
__size_of_encenderTransferencia        (abs)        0000
__size_of_encender_alarma              (abs)        0000
__size_of_encender_led_red_disponible  (abs)        0000
__size_of_funcion_minima               (abs)        0000
__size_of_grupo_disponible             (abs)        0000
__size_of_grupo_en_uso                 (abs)        0000
__size_of_iniciar_equipo               (abs)        0000
__size_of_leer_canales                 (abs)        0000
__size_of_leer_temperatura_presion     (abs)        0000
__size_of_leer_tension_grupo           (abs)        0000
__size_of_leer_tension_linea           (abs)        0000
__size_of_main                         (abs)        0000
__size_of_refrigeracion_de_grupo       (abs)        0000
__size_of_reintentar_inicio            (abs)        0000
__size_of_titilar_led_manual           (abs)        0000
_accionar_temperatura_presion          text32       0566
_accionar_tension_grupo                text20       05DC
_activarArranque                       text19       0400
_activarCombustible                    text18       03B1
_activarPrecalentamiento               text17       0416
_activar_uso_de_red                    text31       032F
_apagar_grupo                          text33       03EA
_apagar_grupo_disponible               text29       0378
_apagar_grupo_en_uso                   text28       038B
_apagar_led_red_disponible             text16       0337
_configuracion_inicial                 text30       0471
_desactivarEquipo                      text21       04DF
_desactivarTensionGrupo                text26       035D
_desactivar_combustible                text27       039E
_desactivar_uso_de_red                 text15       033B
_encenderTransferencia                 text14       0507
_encender_alarma                       text34       032B
_encender_led_red_disponible           text25       0333
_estado                                bssBANK0     002A
_flag_equipo_en_marcha                 bssBANK0     0036
_flag_hubo_falla                       bssBANK0     0038
_flag_inicio_grupo                     bssBANK0     0040
_flag_inicio_red                       bssBANK0     003C
_flag_parpadeo_automatico              bssBANK0     003E
_funcion_minima                        text13       042C
_grupo_disponible                      text12       03C4
_grupo_en_uso                          text11       03D7
_iniciar_equipo                        text3        0493
_lectura                               bssBANK0     0020
_led_manual                            bssBANK0     003A
_leer_canales                          text5        0675
_leer_temperatura_presion              text24       0623
_leer_tension_grupo                    text4        0533
_leer_tension_linea                    text23       06CA
_main                                  maintext     0731
_refrigeracion_de_grupo                text22       04B8
_reintentar_arranque                   bssBANK0     0034
_reintentar_inicio                     text2        059A
_titilar_led_manual                    text1        0442
btemp                                  (abs)        007E
clear_ram0                             clrtext      034A
encenderTransferencia@counter          cstackBANK0  0045
end_of_initialization                  cinit        07FD
intlevel0                              functab      0000
intlevel1                              functab      0000
intlevel2                              functab      0000
intlevel3                              functab      0000
intlevel4                              functab      0000
intlevel5                              functab      0000
leer_canales@canal                     cstackBANK0  0048
leer_tension_linea@no_iniciar          cstackBANK0  0042
leer_tension_linea@verificar_red       cstackBANK0  0044
refrigeracion_de_grupo@contador        cstackBANK0  0045
reset_vec                              reset_vec    0000
stackhi                                (abs)        0000
stacklo                                (abs)        0000
start                                  init         0000
start_initialization                   cinit        07F6
wtemp0                                 (abs)        007E


FUNCTION INFORMATION:

 *************** function _main *****************
 Defined at:
		line 167 in file "newmain.c"
 Parameters:    Size  Location     Type
		None
 Auto vars:     Size  Location     Type
		None
 Return value:  Size  Location     Type
                  2  124[None  ] int 
 Registers used:
		wreg, fsr0l, fsr0h, status,2, status,0, pclath, cstack
 Tracked objects:
		On entry : 
		On exit  : 
		Unchanged: 
 Data sizes:     COMMON   BANK0   BANK1
      Params:         0       0       0
      Locals:         0       0       0
      Temps:          0       0       0
      Totals:         0       0       0
Total ram usage:        0 bytes
 Hardware stack levels required when called:    5
 This function calls:
		_ADC_setear_Clock
		_accionar_temperatura_presion
		_accionar_tension_grupo
		_activarArranque
		_activarCombustible
		_activarPrecalentamiento
		_activar_uso_de_red
		_apagar_grupo_disponible
		_apagar_grupo_en_uso
		_apagar_led_red_disponible
		_configuracion_inicial
		_desactivarTensionGrupo
		_desactivar_combustible
		_desactivar_uso_de_red
		_encenderTransferencia
		_encender_led_red_disponible
		_funcion_minima
		_grupo_disponible
		_grupo_en_uso
		_leer_canales
		_leer_temperatura_presion
		_leer_tension_grupo
		_leer_tension_linea
		_refrigeracion_de_grupo
		_reintentar_inicio
		_titilar_led_manual
 This function is called by:
		Startup code after reset
 This function uses a non-reentrant model


 *************** function _titilar_led_manual *****************
 Defined at:
		line 381 in file "newmain.c"
 Parameters:    Size  Location     Type
		None
 Auto vars:     Size  Location     Type
		None
 Return value:  Size  Location     Type
                  1    wreg      void 
 Registers used:
		wreg
 Tracked objects:
		On entry : 
		On exit  : 
		Unchanged: 
 Data sizes:     COMMON   BANK0   BANK1
      Params:         0       0       0
      Locals:         0       0       0
      Temps:          0       3       0
      Totals:         0       3       0
Total ram usage:        3 bytes
 Hardware stack levels used:    1
 This function calls:
		Nothing
 This function is called by:
		_main
 This function uses a non-reentrant model


 *************** function _reintentar_inicio *****************
 Defined at:
		line 998 in file "newmain.c"
 Parameters:    Size  Location     Type
		None
 Auto vars:     Size  Location     Type
		None
 Return value:  Size  Location     Type
                  1    wreg      void 
 Registers used:
		wreg, fsr0l, fsr0h, status,2, status,0, pclath, cstack
 Tracked objects:
		On entry : 
		On exit  : 
		Unchanged: 
 Data sizes:     COMMON   BANK0   BANK1
      Params:         0       0       0
      Locals:         0       0       0
      Temps:          0       0       0
      Totals:         0       0       0
Total ram usage:        0 bytes
 Hardware stack levels used:    1
 Hardware stack levels required when called:    4
 This function calls:
		_accionar_tension_grupo
		_desactivarEquipo
		_iniciar_equipo
 This function is called by:
		_main
 This function uses a non-reentrant model


 *************** function _iniciar_equipo *****************
 Defined at:
		line 1018 in file "newmain.c"
 Parameters:    Size  Location     Type
		None
 Auto vars:     Size  Location     Type
		None
 Return value:  Size  Location     Type
                  1    wreg      void 
 Registers used:
		wreg, fsr0l, fsr0h, status,2, status,0, pclath, cstack
 Tracked objects:
		On entry : 
		On exit  : 
		Unchanged: 
 Data sizes:     COMMON   BANK0   BANK1
      Params:         0       0       0
      Locals:         0       0       0
      Temps:          0       0       0
      Totals:         0       0       0
Total ram usage:        0 bytes
 Hardware stack levels used:    1
 Hardware stack levels required when called:    3
 This function calls:
		_accionar_tension_grupo
		_activarArranque
		_activarCombustible
		_activarPrecalentamiento
		_apagar_led_red_disponible
		_desactivar_uso_de_red
		_encenderTransferencia
		_funcion_minima
		_grupo_disponible
		_grupo_en_uso
		_leer_canales
		_leer_tension_grupo
 This function is called by:
		_reintentar_inicio
 This function uses a non-reentrant model


 *************** function _leer_tension_grupo *****************
 Defined at:
		line 936 in file "newmain.c"
 Parameters:    Size  Location     Type
		None
 Auto vars:     Size  Location     Type
		None
 Return value:  Size  Location     Type
                  1    wreg      void 
 Registers used:
		wreg, status,2
 Tracked objects:
		On entry : 
		On exit  : 
		Unchanged: 
 Data sizes:     COMMON   BANK0   BANK1
      Params:         0       0       0
      Locals:         0       0       0
      Temps:          0       0       0
      Totals:         0       0       0
Total ram usage:        0 bytes
 Hardware stack levels used:    1
 This function calls:
		Nothing
 This function is called by:
		_main
		_iniciar_equipo
 This function uses a non-reentrant model


 *************** function _leer_canales *****************
 Defined at:
		line 326 in file "newmain.c"
 Parameters:    Size  Location     Type
		None
 Auto vars:     Size  Location     Type
  canal           2    6[BANK0 ] unsigned short 
 Return value:  Size  Location     Type
                  1    wreg      void 
 Registers used:
		wreg, fsr0l, fsr0h, status,2, status,0, pclath, cstack
 Tracked objects:
		On entry : 
		On exit  : 
		Unchanged: 
 Data sizes:     COMMON   BANK0   BANK1
      Params:         0       0       0
      Locals:         0       2       0
      Temps:          0       2       0
      Totals:         0       4       0
Total ram usage:        4 bytes
 Hardware stack levels used:    1
 Hardware stack levels required when called:    1
 This function calls:
		_ADC_ON
		_ADC_readValue
		_ADC_selectorCanal
		_ADC_start_conversion
		_ADC_stop_conversion
 This function is called by:
		_main
		_iniciar_equipo
 This function uses a non-reentrant model


 *************** function _ADC_stop_conversion *****************
 Defined at:
		line 314 in file "newmain.c"
 Parameters:    Size  Location     Type
		None
 Auto vars:     Size  Location     Type
		None
 Return value:  Size  Location     Type
                  1    wreg      void 
 Registers used:
		wreg, status,2, status,0
 Tracked objects:
		On entry : 
		On exit  : 
		Unchanged: 
 Data sizes:     COMMON   BANK0   BANK1
      Params:         0       0       0
      Locals:         0       0       0
      Temps:          0       1       0
      Totals:         0       1       0
Total ram usage:        1 bytes
 Hardware stack levels used:    1
 This function calls:
		Nothing
 This function is called by:
		_leer_canales
 This function uses a non-reentrant model


 *************** function _ADC_start_conversion *****************
 Defined at:
		line 305 in file "newmain.c"
 Parameters:    Size  Location     Type
		None
 Auto vars:     Size  Location     Type
		None
 Return value:  Size  Location     Type
                  1    wreg      void 
 Registers used:
		None
 Tracked objects:
		On entry : 
		On exit  : 
		Unchanged: 
 Data sizes:     COMMON   BANK0   BANK1
      Params:         0       0       0
      Locals:         0       0       0
      Temps:          0       0       0
      Totals:         0       0       0
Total ram usage:        0 bytes
 Hardware stack levels used:    1
 This function calls:
		Nothing
 This function is called by:
		_leer_canales
 This function uses a non-reentrant model


 *************** function _ADC_selectorCanal *****************
 Defined at:
		line 281 in file "newmain.c"
 Parameters:    Size  Location     Type
  canal           2    0[BANK0 ] unsigned short 
 Auto vars:     Size  Location     Type
		None
 Return value:  Size  Location     Type
                  1    wreg      void 
 Registers used:
		wreg, status,2, status,0
 Tracked objects:
		On entry : 
		On exit  : 
		Unchanged: 
 Data sizes:     COMMON   BANK0   BANK1
      Params:         0       2       0
      Locals:         0       0       0
      Temps:          0       2       0
      Totals:         0       4       0
Total ram usage:        4 bytes
 Hardware stack levels used:    1
 This function calls:
		Nothing
 This function is called by:
		_leer_canales
 This function uses a non-reentrant model


 *************** function _ADC_readValue *****************
 Defined at:
		line 321 in file "newmain.c"
 Parameters:    Size  Location     Type
		None
 Auto vars:     Size  Location     Type
		None
 Return value:  Size  Location     Type
                  2    0[BANK0 ] unsigned int 
 Registers used:
		wreg
 Tracked objects:
		On entry : 
		On exit  : 
		Unchanged: 
 Data sizes:     COMMON   BANK0   BANK1
      Params:         0       2       0
      Locals:         0       0       0
      Temps:          0       2       0
      Totals:         0       4       0
Total ram usage:        4 bytes
 Hardware stack levels used:    1
 This function calls:
		Nothing
 This function is called by:
		_leer_canales
 This function uses a non-reentrant model


 *************** function _ADC_ON *****************
 Defined at:
		line 296 in file "newmain.c"
 Parameters:    Size  Location     Type
		None
 Auto vars:     Size  Location     Type
		None
 Return value:  Size  Location     Type
                  1    wreg      void 
 Registers used:
		wreg
 Tracked objects:
		On entry : 
		On exit  : 
		Unchanged: 
 Data sizes:     COMMON   BANK0   BANK1
      Params:         0       0       0
      Locals:         0       0       0
      Temps:          0       2       0
      Totals:         0       2       0
Total ram usage:        2 bytes
 Hardware stack levels used:    1
 This function calls:
		Nothing
 This function is called by:
		_leer_canales
 This function uses a non-reentrant model


 *************** function _grupo_en_uso *****************
 Defined at:
		line 494 in file "newmain.c"
 Parameters:    Size  Location     Type
		None
 Auto vars:     Size  Location     Type
		None
 Return value:  Size  Location     Type
                  1    wreg      void 
 Registers used:
		wreg
 Tracked objects:
		On entry : 
		On exit  : 
		Unchanged: 
 Data sizes:     COMMON   BANK0   BANK1
      Params:         0       0       0
      Locals:         0       0       0
      Temps:          0       3       0
      Totals:         0       3       0
Total ram usage:        3 bytes
 Hardware stack levels used:    1
 This function calls:
		Nothing
 This function is called by:
		_main
		_iniciar_equipo
 This function uses a non-reentrant model


 *************** function _grupo_disponible *****************
 Defined at:
		line 490 in file "newmain.c"
 Parameters:    Size  Location     Type
		None
 Auto vars:     Size  Location     Type
		None
 Return value:  Size  Location     Type
                  1    wreg      void 
 Registers used:
		wreg
 Tracked objects:
		On entry : 
		On exit  : 
		Unchanged: 
 Data sizes:     COMMON   BANK0   BANK1
      Params:         0       0       0
      Locals:         0       0       0
      Temps:          0       3       0
      Totals:         0       3       0
Total ram usage:        3 bytes
 Hardware stack levels used:    1
 This function calls:
		Nothing
 This function is called by:
		_main
		_iniciar_equipo
 This function uses a non-reentrant model


 *************** function _funcion_minima *****************
 Defined at:
		line 504 in file "newmain.c"
 Parameters:    Size  Location     Type
		None
 Auto vars:     Size  Location     Type
		None
 Return value:  Size  Location     Type
                  1    wreg      void 
 Registers used:
		wreg
 Tracked objects:
		On entry : 
		On exit  : 
		Unchanged: 
 Data sizes:     COMMON   BANK0   BANK1
      Params:         0       0       0
      Locals:         0       0       0
      Temps:          0       3       0
      Totals:         0       3       0
Total ram usage:        3 bytes
 Hardware stack levels used:    1
 This function calls:
		Nothing
 This function is called by:
		_main
		_iniciar_equipo
 This function uses a non-reentrant model


 *************** function _encenderTransferencia *****************
 Defined at:
		line 472 in file "newmain.c"
 Parameters:    Size  Location     Type
		None
 Auto vars:     Size  Location     Type
  counter         2    3[BANK0 ] unsigned short 
 Return value:  Size  Location     Type
                  1    wreg      void 
 Registers used:
		wreg, status,2, status,0
 Tracked objects:
		On entry : 
		On exit  : 
		Unchanged: 
 Data sizes:     COMMON   BANK0   BANK1
      Params:         0       0       0
      Locals:         0       2       0
      Temps:          0       3       0
      Totals:         0       5       0
Total ram usage:        5 bytes
 Hardware stack levels used:    1
 This function calls:
		Nothing
 This function is called by:
		_main
		_iniciar_equipo
 This function uses a non-reentrant model


 *************** function _desactivar_uso_de_red *****************
 Defined at:
		line 398 in file "newmain.c"
 Parameters:    Size  Location     Type
		None
 Auto vars:     Size  Location     Type
		None
 Return value:  Size  Location     Type
                  1    wreg      void 
 Registers used:
		None
 Tracked objects:
		On entry : 
		On exit  : 
		Unchanged: 
 Data sizes:     COMMON   BANK0   BANK1
      Params:         0       0       0
      Locals:         0       0       0
      Temps:          0       0       0
      Totals:         0       0       0
Total ram usage:        0 bytes
 Hardware stack levels used:    1
 This function calls:
		Nothing
 This function is called by:
		_main
		_iniciar_equipo
 This function uses a non-reentrant model


 *************** function _apagar_led_red_disponible *****************
 Defined at:
		line 409 in file "newmain.c"
 Parameters:    Size  Location     Type
		None
 Auto vars:     Size  Location     Type
		None
 Return value:  Size  Location     Type
                  1    wreg      void 
 Registers used:
		None
 Tracked objects:
		On entry : 
		On exit  : 
		Unchanged: 
 Data sizes:     COMMON   BANK0   BANK1
      Params:         0       0       0
      Locals:         0       0       0
      Temps:          0       0       0
      Totals:         0       0       0
Total ram usage:        0 bytes
 Hardware stack levels used:    1
 This function calls:
		Nothing
 This function is called by:
		_main
		_iniciar_equipo
 This function uses a non-reentrant model


 *************** function _activarPrecalentamiento *****************
 Defined at:
		line 427 in file "newmain.c"
 Parameters:    Size  Location     Type
		None
 Auto vars:     Size  Location     Type
		None
 Return value:  Size  Location     Type
                  1    wreg      void 
 Registers used:
		wreg
 Tracked objects:
		On entry : 
		On exit  : 
		Unchanged: 
 Data sizes:     COMMON   BANK0   BANK1
      Params:         0       0       0
      Locals:         0       0       0
      Temps:          0       3       0
      Totals:         0       3       0
Total ram usage:        3 bytes
 Hardware stack levels used:    1
 This function calls:
		Nothing
 This function is called by:
		_main
		_iniciar_equipo
 This function uses a non-reentrant model


 *************** function _activarCombustible *****************
 Defined at:
		line 461 in file "newmain.c"
 Parameters:    Size  Location     Type
		None
 Auto vars:     Size  Location     Type
		None
 Return value:  Size  Location     Type
                  1    wreg      void 
 Registers used:
		wreg
 Tracked objects:
		On entry : 
		On exit  : 
		Unchanged: 
 Data sizes:     COMMON   BANK0   BANK1
      Params:         0       0       0
      Locals:         0       0       0
      Temps:          0       3       0
      Totals:         0       3       0
Total ram usage:        3 bytes
 Hardware stack levels used:    1
 This function calls:
		Nothing
 This function is called by:
		_main
		_iniciar_equipo
 This function uses a non-reentrant model


 *************** function _activarArranque *****************
 Defined at:
		line 440 in file "newmain.c"
 Parameters:    Size  Location     Type
		None
 Auto vars:     Size  Location     Type
		None
 Return value:  Size  Location     Type
                  1    wreg      void 
 Registers used:
		wreg
 Tracked objects:
		On entry : 
		On exit  : 
		Unchanged: 
 Data sizes:     COMMON   BANK0   BANK1
      Params:         0       0       0
      Locals:         0       0       0
      Temps:          0       3       0
      Totals:         0       3       0
Total ram usage:        3 bytes
 Hardware stack levels used:    1
 This function calls:
		Nothing
 This function is called by:
		_main
		_iniciar_equipo
 This function uses a non-reentrant model


 *************** function _accionar_tension_grupo *****************
 Defined at:
		line 956 in file "newmain.c"
 Parameters:    Size  Location     Type
		None
 Auto vars:     Size  Location     Type
		None
 Return value:  Size  Location     Type
                  1    wreg      void 
 Registers used:
		wreg, fsr0l, fsr0h, status,2, status,0, pclath, cstack
 Tracked objects:
		On entry : 
		On exit  : 
		Unchanged: 
 Data sizes:     COMMON   BANK0   BANK1
      Params:         0       0       0
      Locals:         0       0       0
      Temps:          0       0       0
      Totals:         0       0       0
Total ram usage:        0 bytes
 Hardware stack levels used:    1
 Hardware stack levels required when called:    2
 This function calls:
		_apagar_grupo
 This function is called by:
		_main
		_reintentar_inicio
		_iniciar_equipo
 This function uses a non-reentrant model


 *************** function _desactivarEquipo *****************
 Defined at:
		line 1035 in file "newmain.c"
 Parameters:    Size  Location     Type
		None
 Auto vars:     Size  Location     Type
		None
 Return value:  Size  Location     Type
                  1    wreg      void 
 Registers used:
		wreg, status,2, status,0, pclath, cstack
 Tracked objects:
		On entry : 
		On exit  : 
		Unchanged: 
 Data sizes:     COMMON   BANK0   BANK1
      Params:         0       0       0
      Locals:         0       0       0
      Temps:          0       3       0
      Totals:         0       3       0
Total ram usage:        3 bytes
 Hardware stack levels used:    1
 Hardware stack levels required when called:    1
 This function calls:
		_apagar_grupo_disponible
		_apagar_grupo_en_uso
		_desactivar_combustible
 This function is called by:
		_reintentar_inicio
 This function uses a non-reentrant model


 *************** function _refrigeracion_de_grupo *****************
 Defined at:
		line 353 in file "newmain.c"
 Parameters:    Size  Location     Type
		None
 Auto vars:     Size  Location     Type
  contador        2    3[BANK0 ] unsigned short 
 Return value:  Size  Location     Type
                  1    wreg      void 
 Registers used:
		wreg, status,2
 Tracked objects:
		On entry : 
		On exit  : 
		Unchanged: 
 Data sizes:     COMMON   BANK0   BANK1
      Params:         0       0       0
      Locals:         0       2       0
      Temps:          0       3       0
      Totals:         0       5       0
Total ram usage:        5 bytes
 Hardware stack levels used:    1
 This function calls:
		Nothing
 This function is called by:
		_main
 This function uses a non-reentrant model


 *************** function _leer_tension_linea *****************
 Defined at:
		line 879 in file "newmain.c"
 Parameters:    Size  Location     Type
		None
 Auto vars:     Size  Location     Type
  verificar_re    2    2[BANK0 ] unsigned short 
  no_iniciar      2    0[BANK0 ] unsigned short 
 Return value:  Size  Location     Type
                  1    wreg      void 
 Registers used:
		wreg, status,2, status,0
 Tracked objects:
		On entry : 
		On exit  : 
		Unchanged: 
 Data sizes:     COMMON   BANK0   BANK1
      Params:         0       0       0
      Locals:         0       4       0
      Temps:          0       0       0
      Totals:         0       4       0
Total ram usage:        4 bytes
 Hardware stack levels used:    1
 This function calls:
		Nothing
 This function is called by:
		_main
 This function uses a non-reentrant model


 *************** function _leer_temperatura_presion *****************
 Defined at:
		line 794 in file "newmain.c"
 Parameters:    Size  Location     Type
		None
 Auto vars:     Size  Location     Type
		None
 Return value:  Size  Location     Type
                  1    wreg      void 
 Registers used:
		wreg, status,2
 Tracked objects:
		On entry : 
		On exit  : 
		Unchanged: 
 Data sizes:     COMMON   BANK0   BANK1
      Params:         0       0       0
      Locals:         0       0       0
      Temps:          0       0       0
      Totals:         0       0       0
Total ram usage:        0 bytes
 Hardware stack levels used:    1
 This function calls:
		Nothing
 This function is called by:
		_main
 This function uses a non-reentrant model


 *************** function _encender_led_red_disponible *****************
 Defined at:
		line 403 in file "newmain.c"
 Parameters:    Size  Location     Type
		None
 Auto vars:     Size  Location     Type
		None
 Return value:  Size  Location     Type
                  1    wreg      void 
 Registers used:
		None
 Tracked objects:
		On entry : 
		On exit  : 
		Unchanged: 
 Data sizes:     COMMON   BANK0   BANK1
      Params:         0       0       0
      Locals:         0       0       0
      Temps:          0       0       0
      Totals:         0       0       0
Total ram usage:        0 bytes
 Hardware stack levels used:    1
 This function calls:
		Nothing
 This function is called by:
		_main
 This function uses a non-reentrant model


 *************** function _desactivarTensionGrupo *****************
 Defined at:
		line 1044 in file "newmain.c"
 Parameters:    Size  Location     Type
		None
 Auto vars:     Size  Location     Type
		None
 Return value:  Size  Location     Type
                  1    wreg      void 
 Registers used:
		wreg, status,2, status,0, pclath, cstack
 Tracked objects:
		On entry : 
		On exit  : 
		Unchanged: 
 Data sizes:     COMMON   BANK0   BANK1
      Params:         0       0       0
      Locals:         0       0       0
      Temps:          0       0       0
      Totals:         0       0       0
Total ram usage:        0 bytes
 Hardware stack levels used:    1
 Hardware stack levels required when called:    1
 This function calls:
		_apagar_grupo_disponible
		_apagar_grupo_en_uso
		_desactivar_combustible
		_encender_alarma
 This function is called by:
		_main
 This function uses a non-reentrant model


 *************** function _desactivar_combustible *****************
 Defined at:
		line 362 in file "newmain.c"
 Parameters:    Size  Location     Type
		None
 Auto vars:     Size  Location     Type
		None
 Return value:  Size  Location     Type
                  1    wreg      void 
 Registers used:
		wreg
 Tracked objects:
		On entry : 
		On exit  : 
		Unchanged: 
 Data sizes:     COMMON   BANK0   BANK1
      Params:         0       0       0
      Locals:         0       0       0
      Temps:          0       3       0
      Totals:         0       3       0
Total ram usage:        3 bytes
 Hardware stack levels used:    1
 This function calls:
		Nothing
 This function is called by:
		_main
		_desactivarEquipo
		_desactivarTensionGrupo
 This function uses a non-reentrant model


 *************** function _apagar_grupo_en_uso *****************
 Defined at:
		line 499 in file "newmain.c"
 Parameters:    Size  Location     Type
		None
 Auto vars:     Size  Location     Type
		None
 Return value:  Size  Location     Type
                  1    wreg      void 
 Registers used:
		wreg
 Tracked objects:
		On entry : 
		On exit  : 
		Unchanged: 
 Data sizes:     COMMON   BANK0   BANK1
      Params:         0       0       0
      Locals:         0       0       0
      Temps:          0       3       0
      Totals:         0       3       0
Total ram usage:        3 bytes
 Hardware stack levels used:    1
 This function calls:
		Nothing
 This function is called by:
		_main
		_desactivarEquipo
		_desactivarTensionGrupo
 This function uses a non-reentrant model


 *************** function _apagar_grupo_disponible *****************
 Defined at:
		line 485 in file "newmain.c"
 Parameters:    Size  Location     Type
		None
 Auto vars:     Size  Location     Type
		None
 Return value:  Size  Location     Type
                  1    wreg      void 
 Registers used:
		wreg
 Tracked objects:
		On entry : 
		On exit  : 
		Unchanged: 
 Data sizes:     COMMON   BANK0   BANK1
      Params:         0       0       0
      Locals:         0       0       0
      Temps:          0       3       0
      Totals:         0       3       0
Total ram usage:        3 bytes
 Hardware stack levels used:    1
 This function calls:
		Nothing
 This function is called by:
		_main
		_desactivarEquipo
		_desactivarTensionGrupo
 This function uses a non-reentrant model


 *************** function _configuracion_inicial *****************
 Defined at:
		line 1052 in file "newmain.c"
 Parameters:    Size  Location     Type
		None
 Auto vars:     Size  Location     Type
		None
 Return value:  Size  Location     Type
                  1    wreg      void 
 Registers used:
		status,2
 Tracked objects:
		On entry : 
		On exit  : 
		Unchanged: 
 Data sizes:     COMMON   BANK0   BANK1
      Params:         0       0       0
      Locals:         0       0       0
      Temps:          0       0       0
      Totals:         0       0       0
Total ram usage:        0 bytes
 Hardware stack levels used:    1
 This function calls:
		Nothing
 This function is called by:
		_main
		_accionesPulsadores
 This function uses a non-reentrant model


 *************** function _activar_uso_de_red *****************
 Defined at:
		line 391 in file "newmain.c"
 Parameters:    Size  Location     Type
		None
 Auto vars:     Size  Location     Type
		None
 Return value:  Size  Location     Type
                  1    wreg      void 
 Registers used:
		None
 Tracked objects:
		On entry : 
		On exit  : 
		Unchanged: 
 Data sizes:     COMMON   BANK0   BANK1
      Params:         0       0       0
      Locals:         0       0       0
      Temps:          0       0       0
      Totals:         0       0       0
Total ram usage:        0 bytes
 Hardware stack levels used:    1
 This function calls:
		Nothing
 This function is called by:
		_main
 This function uses a non-reentrant model


 *************** function _accionar_temperatura_presion *****************
 Defined at:
		line 816 in file "newmain.c"
 Parameters:    Size  Location     Type
		None
 Auto vars:     Size  Location     Type
		None
 Return value:  Size  Location     Type
                  1    wreg      void 
 Registers used:
		wreg, fsr0l, fsr0h, status,2, status,0, pclath, cstack
 Tracked objects:
		On entry : 
		On exit  : 
		Unchanged: 
 Data sizes:     COMMON   BANK0   BANK1
      Params:         0       0       0
      Locals:         0       0       0
      Temps:          0       0       0
      Totals:         0       0       0
Total ram usage:        0 bytes
 Hardware stack levels used:    1
 Hardware stack levels required when called:    2
 This function calls:
		_apagar_grupo
 This function is called by:
		_main
 This function uses a non-reentrant model


 *************** function _apagar_grupo *****************
 Defined at:
		line 368 in file "newmain.c"
 Parameters:    Size  Location     Type
		None
 Auto vars:     Size  Location     Type
		None
 Return value:  Size  Location     Type
                  1    wreg      void 
 Registers used:
		wreg, status,2, status,0, pclath, cstack
 Tracked objects:
		On entry : 
		On exit  : 
		Unchanged: 
 Data sizes:     COMMON   BANK0   BANK1
      Params:         0       0       0
      Locals:         0       0       0
      Temps:          0       0       0
      Totals:         0       0       0
Total ram usage:        0 bytes
 Hardware stack levels used:    1
 Hardware stack levels required when called:    1
 This function calls:
		_encender_alarma
 This function is called by:
		_accionar_temperatura_presion
		_accionar_tension_grupo
 This function uses a non-reentrant model


 *************** function _encender_alarma *****************
 Defined at:
		line 416 in file "newmain.c"
 Parameters:    Size  Location     Type
		None
 Auto vars:     Size  Location     Type
		None
 Return value:  Size  Location     Type
                  1    wreg      void 
 Registers used:
		None
 Tracked objects:
		On entry : 
		On exit  : 
		Unchanged: 
 Data sizes:     COMMON   BANK0   BANK1
      Params:         0       0       0
      Locals:         0       0       0
      Temps:          0       0       0
      Totals:         0       0       0
Total ram usage:        0 bytes
 Hardware stack levels used:    1
 This function calls:
		Nothing
 This function is called by:
		_apagar_grupo
		_desactivarTensionGrupo
 This function uses a non-reentrant model


 *************** function _ADC_setear_Clock *****************
 Defined at:
		line 288 in file "newmain.c"
 Parameters:    Size  Location     Type
		None
 Auto vars:     Size  Location     Type
		None
 Return value:  Size  Location     Type
                  1    wreg      void 
 Registers used:
		None
 Tracked objects:
		On entry : 
		On exit  : 
		Unchanged: 
 Data sizes:     COMMON   BANK0   BANK1
      Params:         0       0       0
      Locals:         0       0       0
      Temps:          0       0       0
      Totals:         0       0       0
Total ram usage:        0 bytes
 Hardware stack levels used:    1
 This function calls:
		Nothing
 This function is called by:
		_main
 This function uses a non-reentrant model



MODULE INFORMATION

Module		Function		Class		Link	Load	Size
newmain.c
		_accionar_tension_grupo		CODE           	05DC	0000	72
		_desactivarTensionGrupo		CODE           	035D	0000	14
		_leer_tension_grupo		CODE           	0533	0000	52
		_encender_led_red_disponible		CODE           	0333	0000	5
		_funcion_minima		CODE           	042C	0000	23
		_reintentar_inicio		CODE           	059A	0000	67
		_apagar_led_red_disponible		CODE           	0337	0000	5
		_main          		CODE           	0731	0000	198
		_activarPrecalentamiento		CODE           	0416	0000	23
		_ADC_selectorCanal		CODE           	0458	0000	26
		_refrigeracion_de_grupo		CODE           	04B8	0000	40
		_apagar_grupo_en_uso		CODE           	038B	0000	20
		_ADC_readValue 		CODE           	0352	0000	12
		_titilar_led_manual		CODE           	0442	0000	23
		_leer_tension_linea		CODE           	06CA	0000	104
		_ADC_start_conversion		CODE           	033F	0000	5
		_grupo_en_uso  		CODE           	03D7	0000	20
		_accionar_temperatura_presion		CODE           	0566	0000	53
		_leer_temperatura_presion		CODE           	0623	0000	83
		_ADC_ON        		CODE           	036A	0000	15
		_activar_uso_de_red		CODE           	032F	0000	5
		_ADC_setear_Clock		CODE           	0327	0000	5
		_iniciar_equipo		CODE           	0493	0000	38
		_leer_canales  		CODE           	0675	0000	86
		_desactivar_uso_de_red		CODE           	033B	0000	5
		_ADC_stop_conversion		CODE           	0343	0000	8
		_activarCombustible		CODE           	03B1	0000	20
		_encender_alarma		CODE           	032B	0000	5
		_apagar_grupo_disponible		CODE           	0378	0000	20
		_configuracion_inicial		CODE           	0471	0000	35
		_encenderTransferencia		CODE           	0507	0000	45
		_apagar_grupo  		CODE           	03EA	0000	23
		_activarArranque		CODE           	0400	0000	23
		_desactivar_combustible		CODE           	039E	0000	20
		_desactivarEquipo		CODE           	04DF	0000	41
		_grupo_disponible		CODE           	03C4	0000	20

newmain.c estimated size: 1259

shared
		__initialization		CODE           	07F6	0000	8

shared estimated size: 8

