Microchip MPLAB XC8 Compiler V2.00 ()

Linker command line:

-W-3 --edf=/opt/microchip/xc8/v2.00/pic/dat/en_msgs.txt -cs \
  -h+dist/default/production/ADCTEST.X.production.sym \
  --cmf=dist/default/production/ADCTEST.X.production.cmf -z -Q16F73 \
  -o/tmp/xcX0vlFJV --defsym=__MPLAB_BUILD=1 \
  -Mdist/default/production/ADCTEST.X.production.map -E1 -ver=XC8 \
  --acfsm=1493 -ASTACK=0A0h-0fdh -pstack=STACK -ACODE=00h-07FFhx2 \
  -ASTRCODE=00h-0FFFh -ASTRING=00h-0FFhx16 -ACONST=00h-0FFhx16 \
  -AENTRY=00h-0FFhx16 -ABANK0=020h-07Dh -ABANK1=0A0h-0FDh \
  -ARAM=020h-07Dh,0A0h-0FDh -AABS1=020h-07Fh,0A0h-0FFh -ACOMMON=07Eh-07Fh \
  -ASFR0=00h-01Fh -ASFR1=080h-09Fh -ASFR2=0100h-017Dh -ASFR3=0180h-01FDh \
  -preset_vec=00h,intentry,init,end_init -ppowerup=CODE -pcinit=CODE \
  -pfunctab=ENTRY -ACONFIG=02007h-02007h -pconfig=CONFIG -DCONFIG=2 \
  -AIDLOC=02000h-02003h -pidloc=IDLOC -DIDLOC=2 -DCODE=2 -DSTRCODE=2 \
  -DSTRING=2 -DCONST=2 -DENTRY=2 -k /tmp/xcXK4hyas.o \
  dist/default/production/ADCTEST.X.production.o 

Object code version is 3.11

Machine type is 16F73



                Name                               Link     Load   Length Selector   Space Scale
/tmp/xcXK4hyas.o
                end_init                              0        0        2        0       0
                config                             2007     2007        1     400E       0
dist/default/production/ADCTEST.X.production.o
                cinit                               7F6      7F6        A      FEC       0
                text31                              3B4      3B4        4      768       0
                text30                              3B8      3B8        4      770       0
                text29                              47F      47F       16      8FE       0
                text28                              598      598       34      B30       0
                text27                              46A      46A       15      8D4       0
                text26                              3F8      3F8       13      7F0       0
                text25                              495      495       16      92A       0
                text24                              3BC      3BC        4      778       0
                text23                              3C0      3C0        4      780       0
                text22                              539      539       2C      A72       0
                text21                              4AB      4AB       16      956       0
                text20                              40B      40B       13      816       0
                text19                              41E      41E       13      83C       0
                text18                              6DA      6DA       8A      DB4       0
                text17                              3C4      3C4        4      788       0
                text16                              431      431       13      862       0
                text15                              444      444       13      888       0
                text14                              4F0      4F0       22      9E0       0
                text13                              457      457       13      8AE       0
                text12                              3C8      3C8        4      790       0
                text11                              3EA      3EA        E      7D4       0
                text10                              3DF      3DF        B      7BE       0
                text9                               4D7      4D7       19      9AE       0
                text8                               3CC      3CC        4      798       0
                text7                               3D0      3D0        7      7A0       0
                text6                               61E      61E       55      C3C       0
                text5                               5CC      5CC       52      B98       0
                text4                               565      565       33      ACA       0
                text3                               673      673       67      CE6       0
                text2                               512      512       27      A24       0
                text1                               4C1      4C1       16      982       0
                maintext                            764      764       92      EC8       0
                cstackBANK0                          42       42        8       20       1
                clrtext                             3D7      3D7        8      7AE       0
                bssBANK0                             20       20       22       20       1

TOTAL           Name                               Link     Load   Length     Space
        CLASS   STACK          

        CLASS   CODE           
                end_init                              0        0        2         0
                cinit                               7F6      7F6        A         0
                text31                              3B4      3B4        4         0
                text30                              3B8      3B8        4         0
                text29                              47F      47F       16         0
                text28                              598      598       34         0
                text27                              46A      46A       15         0
                text26                              3F8      3F8       13         0
                text25                              495      495       16         0
                text24                              3BC      3BC        4         0
                text23                              3C0      3C0        4         0
                text22                              539      539       2C         0
                text21                              4AB      4AB       16         0
                text20                              40B      40B       13         0
                text19                              41E      41E       13         0
                text18                              6DA      6DA       8A         0
                text17                              3C4      3C4        4         0
                text16                              431      431       13         0
                text15                              444      444       13         0
                text14                              4F0      4F0       22         0
                text13                              457      457       13         0
                text12                              3C8      3C8        4         0
                text11                              3EA      3EA        E         0
                text10                              3DF      3DF        B         0
                text9                               4D7      4D7       19         0
                text8                               3CC      3CC        4         0
                text7                               3D0      3D0        7         0
                text6                               61E      61E       55         0
                text5                               5CC      5CC       52         0
                text4                               565      565       33         0
                text3                               673      673       67         0
                text2                               512      512       27         0
                text1                               4C1      4C1       16         0
                maintext                            764      764       92         0
                clrtext                             3D7      3D7        8         0

        CLASS   STRCODE        

        CLASS   STRING         

        CLASS   CONST          

        CLASS   ENTRY          

        CLASS   BANK0          
                cstackBANK0                          42       42        8         1
                bssBANK0                             20       20       22         1

        CLASS   BANK1          

        CLASS   RAM            

        CLASS   ABS1           
                abs_s1                               7E       7E        2         1

        CLASS   COMMON         

        CLASS   SFR0           

        CLASS   SFR1           

        CLASS   SFR2           

        CLASS   SFR3           

        CLASS   CONFIG         
                config                             2007     2007        1         0

        CLASS   IDLOC          

        CLASS   BANK3          

        CLASS   BANK2          

        CLASS   EEDATA         



SEGMENTS        Name                           Load    Length   Top    Selector   Space  Class     Delta

                reset_vec                      000000  000002  000002         0       0  CODE        2
                bssBANK0                       000020  00002A  00004A        20       1  BANK0       1
                text31                         0003B4  000004  0003B8       768       0  CODE        2
                text30                         0003B8  000004  0003BC       770       0  CODE        2
                text24                         0003BC  000004  0003C0       778       0  CODE        2
                text23                         0003C0  000004  0003C4       780       0  CODE        2
                text17                         0003C4  000004  0003C8       788       0  CODE        2
                text12                         0003C8  000004  0003CC       790       0  CODE        2
                text8                          0003CC  000004  0003D0       798       0  CODE        2
                text7                          0003D0  000007  0003D7       7A0       0  CODE        2
                clrtext                        0003D7  000008  0003DF       7AE       0  CODE        2
                text10                         0003DF  00000B  0003EA       7BE       0  CODE        2
                text11                         0003EA  00000E  0003F8       7D4       0  CODE        2
                text26                         0003F8  000013  00040B       7F0       0  CODE        2
                text20                         00040B  000013  00041E       816       0  CODE        2
                text19                         00041E  000013  000431       83C       0  CODE        2
                text16                         000431  000013  000444       862       0  CODE        2
                text15                         000444  000013  000457       888       0  CODE        2
                text13                         000457  000013  00046A       8AE       0  CODE        2
                text27                         00046A  000015  00047F       8D4       0  CODE        2
                text29                         00047F  000016  000495       8FE       0  CODE        2
                text25                         000495  000016  0004AB       92A       0  CODE        2
                text21                         0004AB  000016  0004C1       956       0  CODE        2
                text1                          0004C1  000016  0004D7       982       0  CODE        2
                text9                          0004D7  000019  0004F0       9AE       0  CODE        2
                text14                         0004F0  000022  000512       9E0       0  CODE        2
                text2                          000512  000027  000539       A24       0  CODE        2
                text22                         000539  00002C  000565       A72       0  CODE        2
                text4                          000565  000033  000598       ACA       0  CODE        2
                text28                         000598  000034  0005CC       B30       0  CODE        2
                text5                          0005CC  000052  00061E       B98       0  CODE        2
                text6                          00061E  000055  000673       C3C       0  CODE        2
                text3                          000673  000067  0006DA       CE6       0  CODE        2
                text18                         0006DA  00008A  000764       DB4       0  CODE        2
                maintext                       000764  000092  0007F6       EC8       0  CODE        2
                cinit                          0007F6  00000A  000800       FEC       0  CODE        2
                config                         002007  000001  002008      400E       0  CONFIG      2


UNUSED ADDRESS RANGES

        Name                Unused          Largest block    Delta
        BANK0            004A-007D             34           1
        BANK1            00A0-00FD             5E           1
        CODE             0002-03B3            3B2           2
                         0800-0FFF            800
        CONST            0002-03B3            100           2
                         0800-0FFF            100
        ENTRY            0002-03B3            100           2
                         0800-0FFF            100
        IDLOC            2000-2003              4           2
        RAM              004A-007D             34           1
                         00A0-00FD             5E
        SFR0             0000-001F             20           1
        SFR1             0080-009F             20           1
        SFR2             0100-017D             7E           1
        SFR3             0180-01FD             7E           1
        STACK            00A0-00FD             5E           1
        STRCODE          0002-03B3            3B2           2
                         0800-0FFF            800
        STRING           0002-03B3            100           2
                         0800-0FFF            100

                                  Symbol Table

?_ADC_readValue                        cstackBANK0  0042
ADC_selectorCanal@canal                cstackBANK0  0042
_ADCON0                                (abs)        001F
_ADCON1                                (abs)        009F
_ADC_ON                                text11       03EA
_ADC_readValue                         text10       03DF
_ADC_selectorCanal                     text9        04D7
_ADC_setear_Clock                      text31       03B4
_ADC_start_conversion                  text8        03CC
_ADC_stop_conversion                   text7        03D0
_ADRES                                 (abs)        001E
_RB0                                   (abs)        0030
_RB1                                   (abs)        0031
_RB2                                   (abs)        0032
_RB3                                   (abs)        0033
_RB4                                   (abs)        0034
_RB5                                   (abs)        0035
_RB6                                   (abs)        0036
_RC0                                   (abs)        0038
_RC1                                   (abs)        0039
_RC2                                   (abs)        003A
_RC3                                   (abs)        003B
_RC4                                   (abs)        003C
_RC5                                   (abs)        003D
_RC6                                   (abs)        003E
_RC7                                   (abs)        003F
_TRISA                                 (abs)        0085
_TRISB                                 (abs)        0086
_TRISC                                 (abs)        0087
__CFG_FOSC$HS                          (abs)        0000
__CFG_PWRTE$OFF                        (abs)        0000
__CFG_WDTE$OFF                         (abs)        0000
__Habs1                                abs1         0000
__Hbank0                               bank0        0000
__Hbank1                               bank1        0000
__Hbank2                               bank2        0000
__Hbank3                               bank3        0000
__HbssBANK0                            bssBANK0     0000
__Hcinit                               cinit        0800
__Hclrtext                             clrtext      0000
__Hcode                                code         0000
__Hcommon                              common       0000
__Hconfig                              config       2008
__HcstackBANK0                         cstackBANK0  0000
__HcstackCOMMON                        cstackCOMMON 0000
__Heeprom_data                         eeprom_data  0000
__Hend_init                            end_init     0002
__Hfunctab                             functab      0000
__Hidloc                               idloc        0000
__Hinit                                init         0000
__Hintentry                            intentry     0000
__Hmaintext                            maintext     0000
__Hpowerup                             powerup      0000
__Hram                                 ram          0000
__Hreset_vec                           reset_vec    0000
__Hsfr0                                sfr0         0000
__Hsfr1                                sfr1         0000
__Hsfr2                                sfr2         0000
__Hsfr3                                sfr3         0000
__Hspace_0                             (abs)        2008
__Hspace_1                             (abs)        004A
__Hspace_2                             (abs)        0000
__Hspace_3                             (abs)        0000
__Hstack                               stack        0000
__Hstrings                             strings      0000
__Htext                                text         0000
__Labs1                                abs1         0000
__Lbank0                               bank0        0000
__Lbank1                               bank1        0000
__Lbank2                               bank2        0000
__Lbank3                               bank3        0000
__LbssBANK0                            bssBANK0     0000
__Lcinit                               cinit        07F6
__Lclrtext                             clrtext      0000
__Lcode                                code         0000
__Lcommon                              common       0000
__Lconfig                              config       2007
__LcstackBANK0                         cstackBANK0  0000
__LcstackCOMMON                        cstackCOMMON 0000
__Leeprom_data                         eeprom_data  0000
__Lend_init                            end_init     0000
__Lfunctab                             functab      0000
__Lidloc                               idloc        0000
__Linit                                init         0000
__Lintentry                            intentry     0000
__Lmaintext                            maintext     0000
__Lpowerup                             powerup      0000
__Lram                                 ram          0000
__Lreset_vec                           reset_vec    0000
__Lsfr0                                sfr0         0000
__Lsfr1                                sfr1         0000
__Lsfr2                                sfr2         0000
__Lsfr3                                sfr3         0000
__Lspace_0                             (abs)        0000
__Lspace_1                             (abs)        0000
__Lspace_2                             (abs)        0000
__Lspace_3                             (abs)        0000
__Lstack                               stack        0000
__Lstrings                             strings      0000
__Ltext                                text         0000
__S0                                   (abs)        2008
__S1                                   (abs)        004A
__S2                                   (abs)        0000
___int_sp                              stack        0000
___latbits                             (abs)        0001
___sp                                  stack        0000
__end_of_ADC_ON                        text11       03F8
__end_of_ADC_readValue                 text10       03EA
__end_of_ADC_selectorCanal             text9        04F0
__end_of_ADC_setear_Clock              text31       03B8
__end_of_ADC_start_conversion          text8        03D0
__end_of_ADC_stop_conversion           text7        03D7
__end_of__initialization               cinit        07FD
__end_of_accionar_temperatura_presion  text28       05CC
__end_of_accionar_tension_grupo        text18       0764
__end_of_activarArranque               text27       047F
__end_of_activarCombustible            text26       040B
__end_of_activarPrecalentamiento       text25       04AB
__end_of_activar_uso_de_red            text17       03C8
__end_of_apagar_grupo                  text29       0495
__end_of_apagar_grupo_disponible       text16       0444
__end_of_apagar_grupo_en_uso           text15       0457
__end_of_apagar_led_red_disponible     text24       03C0
__end_of_configuracion_inicial         text14       0512
__end_of_desactivar_combustible        text13       046A
__end_of_desactivar_uso_de_red         text23       03C4
__end_of_encenderTransferencia         text22       0565
__end_of_encender_alarma               text30       03BC
__end_of_encender_led_red_disponible   text12       03CC
__end_of_funcion_minima                text21       04C1
__end_of_grupo_disponible              text20       041E
__end_of_grupo_en_uso                  text19       0431
__end_of_leer_canales                  text6        0673
__end_of_leer_temperatura_presion      text5        061E
__end_of_leer_tension_grupo            text4        0598
__end_of_leer_tension_linea            text3        06DA
__end_of_main                          maintext     07F6
__end_of_refrigeracion_de_grupo        text2        0539
__end_of_titilar_led_manual            text1        04D7
__initialization                       cinit        07F6
__pbssBANK0                            bssBANK0     0020
__pcstackBANK0                         cstackBANK0  0042
__pcstackCOMMON                        cstackCOMMON 0000
__pmaintext                            maintext     0764
__ptext1                               text1        04C1
__ptext10                              text10       03DF
__ptext11                              text11       03EA
__ptext12                              text12       03C8
__ptext13                              text13       0457
__ptext14                              text14       04F0
__ptext15                              text15       0444
__ptext16                              text16       0431
__ptext17                              text17       03C4
__ptext18                              text18       06DA
__ptext19                              text19       041E
__ptext2                               text2        0512
__ptext20                              text20       040B
__ptext21                              text21       04AB
__ptext22                              text22       0539
__ptext23                              text23       03C0
__ptext24                              text24       03BC
__ptext25                              text25       0495
__ptext26                              text26       03F8
__ptext27                              text27       046A
__ptext28                              text28       0598
__ptext29                              text29       047F
__ptext3                               text3        0673
__ptext30                              text30       03B8
__ptext31                              text31       03B4
__ptext4                               text4        0565
__ptext5                               text5        05CC
__ptext6                               text6        061E
__ptext7                               text7        03D0
__ptext8                               text8        03CC
__ptext9                               text9        04D7
__size_of_ADC_ON                       (abs)        0000
__size_of_ADC_readValue                (abs)        0000
__size_of_ADC_selectorCanal            (abs)        0000
__size_of_ADC_setear_Clock             (abs)        0000
__size_of_ADC_start_conversion         (abs)        0000
__size_of_ADC_stop_conversion          (abs)        0000
__size_of_accionar_temperatura_presion (abs)        0000
__size_of_accionar_tension_grupo       (abs)        0000
__size_of_activarArranque              (abs)        0000
__size_of_activarCombustible           (abs)        0000
__size_of_activarPrecalentamiento      (abs)        0000
__size_of_activar_uso_de_red           (abs)        0000
__size_of_apagar_grupo                 (abs)        0000
__size_of_apagar_grupo_disponible      (abs)        0000
__size_of_apagar_grupo_en_uso          (abs)        0000
__size_of_apagar_led_red_disponible    (abs)        0000
__size_of_configuracion_inicial        (abs)        0000
__size_of_desactivar_combustible       (abs)        0000
__size_of_desactivar_uso_de_red        (abs)        0000
__size_of_encenderTransferencia        (abs)        0000
__size_of_encender_alarma              (abs)        0000
__size_of_encender_led_red_disponible  (abs)        0000
__size_of_funcion_minima               (abs)        0000
__size_of_grupo_disponible             (abs)        0000
__size_of_grupo_en_uso                 (abs)        0000
__size_of_leer_canales                 (abs)        0000
__size_of_leer_temperatura_presion     (abs)        0000
__size_of_leer_tension_grupo           (abs)        0000
__size_of_leer_tension_linea           (abs)        0000
__size_of_main                         (abs)        0000
__size_of_refrigeracion_de_grupo       (abs)        0000
__size_of_titilar_led_manual           (abs)        0000
_accionar_temperatura_presion          text28       0598
_accionar_tension_grupo                text18       06DA
_activarArranque                       text27       046A
_activarCombustible                    text26       03F8
_activarPrecalentamiento               text25       0495
_activar_uso_de_red                    text17       03C4
_apagar_grupo                          text29       047F
_apagar_grupo_disponible               text16       0431
_apagar_grupo_en_uso                   text15       0444
_apagar_led_red_disponible             text24       03BC
_configuracion_inicial                 text14       04F0
_desactivar_combustible                text13       0457
_desactivar_uso_de_red                 text23       03C0
_encenderTransferencia                 text22       0539
_encender_alarma                       text30       03B8
_encender_led_red_disponible           text12       03C8
_estado                                bssBANK0     002A
_flag_equipo_en_marcha                 bssBANK0     0036
_flag_hubo_falla                       bssBANK0     0038
_flag_inicio_grupo                     bssBANK0     0040
_flag_inicio_red                       bssBANK0     003C
_flag_parpadeo_automatico              bssBANK0     003E
_funcion_minima                        text21       04AB
_grupo_disponible                      text20       040B
_grupo_en_uso                          text19       041E
_lectura                               bssBANK0     0020
_led_manual                            bssBANK0     003A
_leer_canales                          text6        061E
_leer_temperatura_presion              text5        05CC
_leer_tension_grupo                    text4        0565
_leer_tension_linea                    text3        0673
_main                                  maintext     0764
_refrigeracion_de_grupo                text2        0512
_reintentar_arranque                   bssBANK0     0034
_titilar_led_manual                    text1        04C1
btemp                                  (abs)        007E
clear_ram0                             clrtext      03D7
encenderTransferencia@counter          cstackBANK0  0045
end_of_initialization                  cinit        07FD
intlevel0                              functab      0000
intlevel1                              functab      0000
intlevel2                              functab      0000
intlevel3                              functab      0000
intlevel4                              functab      0000
intlevel5                              functab      0000
leer_canales@canal                     cstackBANK0  0048
leer_tension_linea@no_iniciar          cstackBANK0  0042
leer_tension_linea@verificar_red       cstackBANK0  0044
refrigeracion_de_grupo@contador        cstackBANK0  0045
reset_vec                              reset_vec    0000
stackhi                                (abs)        0000
stacklo                                (abs)        0000
start                                  init         0000
start_initialization                   cinit        07F6
wtemp0                                 (abs)        007E


FUNCTION INFORMATION:

 *************** function _main *****************
 Defined at:
		line 163 in file "newmain.c"
 Parameters:    Size  Location     Type
		None
 Auto vars:     Size  Location     Type
		None
 Return value:  Size  Location     Type
                  2  116[None  ] int 
 Registers used:
		wreg, fsr0l, fsr0h, status,2, status,0, pclath, cstack
 Tracked objects:
		On entry : 
		On exit  : 
		Unchanged: 
 Data sizes:     COMMON   BANK0   BANK1
      Params:         0       0       0
      Locals:         0       0       0
      Temps:          0       0       0
      Totals:         0       0       0
Total ram usage:        0 bytes
 Hardware stack levels required when called:    3
 This function calls:
		_ADC_setear_Clock
		_accionar_temperatura_presion
		_accionar_tension_grupo
		_activarArranque
		_activarCombustible
		_activarPrecalentamiento
		_activar_uso_de_red
		_apagar_grupo_disponible
		_apagar_grupo_en_uso
		_apagar_led_red_disponible
		_configuracion_inicial
		_desactivar_combustible
		_desactivar_uso_de_red
		_encenderTransferencia
		_encender_led_red_disponible
		_funcion_minima
		_grupo_disponible
		_grupo_en_uso
		_leer_canales
		_leer_temperatura_presion
		_leer_tension_grupo
		_leer_tension_linea
		_refrigeracion_de_grupo
		_titilar_led_manual
 This function is called by:
		Startup code after reset
 This function uses a non-reentrant model


 *************** function _titilar_led_manual *****************
 Defined at:
		line 361 in file "newmain.c"
 Parameters:    Size  Location     Type
		None
 Auto vars:     Size  Location     Type
		None
 Return value:  Size  Location     Type
                  1    wreg      void 
 Registers used:
		wreg
 Tracked objects:
		On entry : 
		On exit  : 
		Unchanged: 
 Data sizes:     COMMON   BANK0   BANK1
      Params:         0       0       0
      Locals:         0       0       0
      Temps:          0       3       0
      Totals:         0       3       0
Total ram usage:        3 bytes
 Hardware stack levels used:    1
 This function calls:
		Nothing
 This function is called by:
		_main
 This function uses a non-reentrant model


 *************** function _refrigeracion_de_grupo *****************
 Defined at:
		line 333 in file "newmain.c"
 Parameters:    Size  Location     Type
		None
 Auto vars:     Size  Location     Type
  contador        2    3[BANK0 ] unsigned short 
 Return value:  Size  Location     Type
                  1    wreg      void 
 Registers used:
		wreg, status,2
 Tracked objects:
		On entry : 
		On exit  : 
		Unchanged: 
 Data sizes:     COMMON   BANK0   BANK1
      Params:         0       0       0
      Locals:         0       2       0
      Temps:          0       3       0
      Totals:         0       5       0
Total ram usage:        5 bytes
 Hardware stack levels used:    1
 This function calls:
		Nothing
 This function is called by:
		_main
 This function uses a non-reentrant model


 *************** function _leer_tension_linea *****************
 Defined at:
		line 859 in file "newmain.c"
 Parameters:    Size  Location     Type
		None
 Auto vars:     Size  Location     Type
  verificar_re    2    2[BANK0 ] unsigned short 
  no_iniciar      2    0[BANK0 ] unsigned short 
 Return value:  Size  Location     Type
                  1    wreg      void 
 Registers used:
		wreg, status,2, status,0
 Tracked objects:
		On entry : 
		On exit  : 
		Unchanged: 
 Data sizes:     COMMON   BANK0   BANK1
      Params:         0       0       0
      Locals:         0       4       0
      Temps:          0       0       0
      Totals:         0       4       0
Total ram usage:        4 bytes
 Hardware stack levels used:    1
 This function calls:
		Nothing
 This function is called by:
		_main
 This function uses a non-reentrant model


 *************** function _leer_tension_grupo *****************
 Defined at:
		line 916 in file "newmain.c"
 Parameters:    Size  Location     Type
		None
 Auto vars:     Size  Location     Type
		None
 Return value:  Size  Location     Type
                  1    wreg      void 
 Registers used:
		wreg, status,2
 Tracked objects:
		On entry : 
		On exit  : 
		Unchanged: 
 Data sizes:     COMMON   BANK0   BANK1
      Params:         0       0       0
      Locals:         0       0       0
      Temps:          0       0       0
      Totals:         0       0       0
Total ram usage:        0 bytes
 Hardware stack levels used:    1
 This function calls:
		Nothing
 This function is called by:
		_main
 This function uses a non-reentrant model


 *************** function _leer_temperatura_presion *****************
 Defined at:
		line 774 in file "newmain.c"
 Parameters:    Size  Location     Type
		None
 Auto vars:     Size  Location     Type
		None
 Return value:  Size  Location     Type
                  1    wreg      void 
 Registers used:
		wreg, status,2
 Tracked objects:
		On entry : 
		On exit  : 
		Unchanged: 
 Data sizes:     COMMON   BANK0   BANK1
      Params:         0       0       0
      Locals:         0       0       0
      Temps:          0       0       0
      Totals:         0       0       0
Total ram usage:        0 bytes
 Hardware stack levels used:    1
 This function calls:
		Nothing
 This function is called by:
		_main
 This function uses a non-reentrant model


 *************** function _leer_canales *****************
 Defined at:
		line 306 in file "newmain.c"
 Parameters:    Size  Location     Type
		None
 Auto vars:     Size  Location     Type
  canal           2    6[BANK0 ] unsigned short 
 Return value:  Size  Location     Type
                  1    wreg      void 
 Registers used:
		wreg, fsr0l, fsr0h, status,2, status,0, pclath, cstack
 Tracked objects:
		On entry : 
		On exit  : 
		Unchanged: 
 Data sizes:     COMMON   BANK0   BANK1
      Params:         0       0       0
      Locals:         0       2       0
      Temps:          0       2       0
      Totals:         0       4       0
Total ram usage:        4 bytes
 Hardware stack levels used:    1
 Hardware stack levels required when called:    1
 This function calls:
		_ADC_ON
		_ADC_readValue
		_ADC_selectorCanal
		_ADC_start_conversion
		_ADC_stop_conversion
 This function is called by:
		_main
 This function uses a non-reentrant model


 *************** function _ADC_stop_conversion *****************
 Defined at:
		line 294 in file "newmain.c"
 Parameters:    Size  Location     Type
		None
 Auto vars:     Size  Location     Type
		None
 Return value:  Size  Location     Type
                  1    wreg      void 
 Registers used:
		wreg, status,2, status,0
 Tracked objects:
		On entry : 
		On exit  : 
		Unchanged: 
 Data sizes:     COMMON   BANK0   BANK1
      Params:         0       0       0
      Locals:         0       0       0
      Temps:          0       1       0
      Totals:         0       1       0
Total ram usage:        1 bytes
 Hardware stack levels used:    1
 This function calls:
		Nothing
 This function is called by:
		_leer_canales
 This function uses a non-reentrant model


 *************** function _ADC_start_conversion *****************
 Defined at:
		line 285 in file "newmain.c"
 Parameters:    Size  Location     Type
		None
 Auto vars:     Size  Location     Type
		None
 Return value:  Size  Location     Type
                  1    wreg      void 
 Registers used:
		None
 Tracked objects:
		On entry : 
		On exit  : 
		Unchanged: 
 Data sizes:     COMMON   BANK0   BANK1
      Params:         0       0       0
      Locals:         0       0       0
      Temps:          0       0       0
      Totals:         0       0       0
Total ram usage:        0 bytes
 Hardware stack levels used:    1
 This function calls:
		Nothing
 This function is called by:
		_leer_canales
 This function uses a non-reentrant model


 *************** function _ADC_selectorCanal *****************
 Defined at:
		line 261 in file "newmain.c"
 Parameters:    Size  Location     Type
  canal           2    0[BANK0 ] unsigned short 
 Auto vars:     Size  Location     Type
		None
 Return value:  Size  Location     Type
                  1    wreg      void 
 Registers used:
		wreg, status,2, status,0
 Tracked objects:
		On entry : 
		On exit  : 
		Unchanged: 
 Data sizes:     COMMON   BANK0   BANK1
      Params:         0       2       0
      Locals:         0       0       0
      Temps:          0       2       0
      Totals:         0       4       0
Total ram usage:        4 bytes
 Hardware stack levels used:    1
 This function calls:
		Nothing
 This function is called by:
		_leer_canales
 This function uses a non-reentrant model


 *************** function _ADC_readValue *****************
 Defined at:
		line 301 in file "newmain.c"
 Parameters:    Size  Location     Type
		None
 Auto vars:     Size  Location     Type
		None
 Return value:  Size  Location     Type
                  2    0[BANK0 ] unsigned int 
 Registers used:
		wreg
 Tracked objects:
		On entry : 
		On exit  : 
		Unchanged: 
 Data sizes:     COMMON   BANK0   BANK1
      Params:         0       2       0
      Locals:         0       0       0
      Temps:          0       2       0
      Totals:         0       4       0
Total ram usage:        4 bytes
 Hardware stack levels used:    1
 This function calls:
		Nothing
 This function is called by:
		_leer_canales
 This function uses a non-reentrant model


 *************** function _ADC_ON *****************
 Defined at:
		line 276 in file "newmain.c"
 Parameters:    Size  Location     Type
		None
 Auto vars:     Size  Location     Type
		None
 Return value:  Size  Location     Type
                  1    wreg      void 
 Registers used:
		wreg
 Tracked objects:
		On entry : 
		On exit  : 
		Unchanged: 
 Data sizes:     COMMON   BANK0   BANK1
      Params:         0       0       0
      Locals:         0       0       0
      Temps:          0       2       0
      Totals:         0       2       0
Total ram usage:        2 bytes
 Hardware stack levels used:    1
 This function calls:
		Nothing
 This function is called by:
		_leer_canales
 This function uses a non-reentrant model


 *************** function _encender_led_red_disponible *****************
 Defined at:
		line 383 in file "newmain.c"
 Parameters:    Size  Location     Type
		None
 Auto vars:     Size  Location     Type
		None
 Return value:  Size  Location     Type
                  1    wreg      void 
 Registers used:
		None
 Tracked objects:
		On entry : 
		On exit  : 
		Unchanged: 
 Data sizes:     COMMON   BANK0   BANK1
      Params:         0       0       0
      Locals:         0       0       0
      Temps:          0       0       0
      Totals:         0       0       0
Total ram usage:        0 bytes
 Hardware stack levels used:    1
 This function calls:
		Nothing
 This function is called by:
		_main
 This function uses a non-reentrant model


 *************** function _desactivar_combustible *****************
 Defined at:
		line 342 in file "newmain.c"
 Parameters:    Size  Location     Type
		None
 Auto vars:     Size  Location     Type
		None
 Return value:  Size  Location     Type
                  1    wreg      void 
 Registers used:
		wreg
 Tracked objects:
		On entry : 
		On exit  : 
		Unchanged: 
 Data sizes:     COMMON   BANK0   BANK1
      Params:         0       0       0
      Locals:         0       0       0
      Temps:          0       3       0
      Totals:         0       3       0
Total ram usage:        3 bytes
 Hardware stack levels used:    1
 This function calls:
		Nothing
 This function is called by:
		_main
 This function uses a non-reentrant model


 *************** function _configuracion_inicial *****************
 Defined at:
		line 1002 in file "newmain.c"
 Parameters:    Size  Location     Type
		None
 Auto vars:     Size  Location     Type
		None
 Return value:  Size  Location     Type
                  1    wreg      void 
 Registers used:
		status,2
 Tracked objects:
		On entry : 
		On exit  : 
		Unchanged: 
 Data sizes:     COMMON   BANK0   BANK1
      Params:         0       0       0
      Locals:         0       0       0
      Temps:          0       0       0
      Totals:         0       0       0
Total ram usage:        0 bytes
 Hardware stack levels used:    1
 This function calls:
		Nothing
 This function is called by:
		_main
		_accionesPulsadores
 This function uses a non-reentrant model


 *************** function _apagar_grupo_en_uso *****************
 Defined at:
		line 479 in file "newmain.c"
 Parameters:    Size  Location     Type
		None
 Auto vars:     Size  Location     Type
		None
 Return value:  Size  Location     Type
                  1    wreg      void 
 Registers used:
		wreg
 Tracked objects:
		On entry : 
		On exit  : 
		Unchanged: 
 Data sizes:     COMMON   BANK0   BANK1
      Params:         0       0       0
      Locals:         0       0       0
      Temps:          0       3       0
      Totals:         0       3       0
Total ram usage:        3 bytes
 Hardware stack levels used:    1
 This function calls:
		Nothing
 This function is called by:
		_main
 This function uses a non-reentrant model


 *************** function _apagar_grupo_disponible *****************
 Defined at:
		line 465 in file "newmain.c"
 Parameters:    Size  Location     Type
		None
 Auto vars:     Size  Location     Type
		None
 Return value:  Size  Location     Type
                  1    wreg      void 
 Registers used:
		wreg
 Tracked objects:
		On entry : 
		On exit  : 
		Unchanged: 
 Data sizes:     COMMON   BANK0   BANK1
      Params:         0       0       0
      Locals:         0       0       0
      Temps:          0       3       0
      Totals:         0       3       0
Total ram usage:        3 bytes
 Hardware stack levels used:    1
 This function calls:
		Nothing
 This function is called by:
		_main
 This function uses a non-reentrant model


 *************** function _activar_uso_de_red *****************
 Defined at:
		line 371 in file "newmain.c"
 Parameters:    Size  Location     Type
		None
 Auto vars:     Size  Location     Type
		None
 Return value:  Size  Location     Type
                  1    wreg      void 
 Registers used:
		None
 Tracked objects:
		On entry : 
		On exit  : 
		Unchanged: 
 Data sizes:     COMMON   BANK0   BANK1
      Params:         0       0       0
      Locals:         0       0       0
      Temps:          0       0       0
      Totals:         0       0       0
Total ram usage:        0 bytes
 Hardware stack levels used:    1
 This function calls:
		Nothing
 This function is called by:
		_main
 This function uses a non-reentrant model


 *************** function _accionar_tension_grupo *****************
 Defined at:
		line 936 in file "newmain.c"
 Parameters:    Size  Location     Type
		None
 Auto vars:     Size  Location     Type
		None
 Return value:  Size  Location     Type
                  1    wreg      void 
 Registers used:
		wreg, fsr0l, fsr0h, status,2, status,0, pclath, cstack
 Tracked objects:
		On entry : 
		On exit  : 
		Unchanged: 
 Data sizes:     COMMON   BANK0   BANK1
      Params:         0       0       0
      Locals:         0       0       0
      Temps:          0       0       0
      Totals:         0       0       0
Total ram usage:        0 bytes
 Hardware stack levels used:    1
 Hardware stack levels required when called:    2
 This function calls:
		_activarArranque
		_activarCombustible
		_activarPrecalentamiento
		_apagar_grupo
		_apagar_led_red_disponible
		_desactivar_uso_de_red
		_encenderTransferencia
		_encender_alarma
		_funcion_minima
		_grupo_disponible
		_grupo_en_uso
 This function is called by:
		_main
 This function uses a non-reentrant model


 *************** function _grupo_en_uso *****************
 Defined at:
		line 474 in file "newmain.c"
 Parameters:    Size  Location     Type
		None
 Auto vars:     Size  Location     Type
		None
 Return value:  Size  Location     Type
                  1    wreg      void 
 Registers used:
		wreg
 Tracked objects:
		On entry : 
		On exit  : 
		Unchanged: 
 Data sizes:     COMMON   BANK0   BANK1
      Params:         0       0       0
      Locals:         0       0       0
      Temps:          0       3       0
      Totals:         0       3       0
Total ram usage:        3 bytes
 Hardware stack levels used:    1
 This function calls:
		Nothing
 This function is called by:
		_main
		_accionar_tension_grupo
 This function uses a non-reentrant model


 *************** function _grupo_disponible *****************
 Defined at:
		line 470 in file "newmain.c"
 Parameters:    Size  Location     Type
		None
 Auto vars:     Size  Location     Type
		None
 Return value:  Size  Location     Type
                  1    wreg      void 
 Registers used:
		wreg
 Tracked objects:
		On entry : 
		On exit  : 
		Unchanged: 
 Data sizes:     COMMON   BANK0   BANK1
      Params:         0       0       0
      Locals:         0       0       0
      Temps:          0       3       0
      Totals:         0       3       0
Total ram usage:        3 bytes
 Hardware stack levels used:    1
 This function calls:
		Nothing
 This function is called by:
		_main
		_accionar_tension_grupo
 This function uses a non-reentrant model


 *************** function _funcion_minima *****************
 Defined at:
		line 484 in file "newmain.c"
 Parameters:    Size  Location     Type
		None
 Auto vars:     Size  Location     Type
		None
 Return value:  Size  Location     Type
                  1    wreg      void 
 Registers used:
		wreg
 Tracked objects:
		On entry : 
		On exit  : 
		Unchanged: 
 Data sizes:     COMMON   BANK0   BANK1
      Params:         0       0       0
      Locals:         0       0       0
      Temps:          0       3       0
      Totals:         0       3       0
Total ram usage:        3 bytes
 Hardware stack levels used:    1
 This function calls:
		Nothing
 This function is called by:
		_main
		_accionar_tension_grupo
 This function uses a non-reentrant model


 *************** function _encenderTransferencia *****************
 Defined at:
		line 452 in file "newmain.c"
 Parameters:    Size  Location     Type
		None
 Auto vars:     Size  Location     Type
  counter         2    3[BANK0 ] unsigned short 
 Return value:  Size  Location     Type
                  1    wreg      void 
 Registers used:
		wreg, status,2, status,0
 Tracked objects:
		On entry : 
		On exit  : 
		Unchanged: 
 Data sizes:     COMMON   BANK0   BANK1
      Params:         0       0       0
      Locals:         0       2       0
      Temps:          0       3       0
      Totals:         0       5       0
Total ram usage:        5 bytes
 Hardware stack levels used:    1
 This function calls:
		Nothing
 This function is called by:
		_main
		_accionar_tension_grupo
 This function uses a non-reentrant model


 *************** function _desactivar_uso_de_red *****************
 Defined at:
		line 378 in file "newmain.c"
 Parameters:    Size  Location     Type
		None
 Auto vars:     Size  Location     Type
		None
 Return value:  Size  Location     Type
                  1    wreg      void 
 Registers used:
		None
 Tracked objects:
		On entry : 
		On exit  : 
		Unchanged: 
 Data sizes:     COMMON   BANK0   BANK1
      Params:         0       0       0
      Locals:         0       0       0
      Temps:          0       0       0
      Totals:         0       0       0
Total ram usage:        0 bytes
 Hardware stack levels used:    1
 This function calls:
		Nothing
 This function is called by:
		_main
		_accionar_tension_grupo
 This function uses a non-reentrant model


 *************** function _apagar_led_red_disponible *****************
 Defined at:
		line 389 in file "newmain.c"
 Parameters:    Size  Location     Type
		None
 Auto vars:     Size  Location     Type
		None
 Return value:  Size  Location     Type
                  1    wreg      void 
 Registers used:
		None
 Tracked objects:
		On entry : 
		On exit  : 
		Unchanged: 
 Data sizes:     COMMON   BANK0   BANK1
      Params:         0       0       0
      Locals:         0       0       0
      Temps:          0       0       0
      Totals:         0       0       0
Total ram usage:        0 bytes
 Hardware stack levels used:    1
 This function calls:
		Nothing
 This function is called by:
		_main
		_accionar_tension_grupo
 This function uses a non-reentrant model


 *************** function _activarPrecalentamiento *****************
 Defined at:
		line 407 in file "newmain.c"
 Parameters:    Size  Location     Type
		None
 Auto vars:     Size  Location     Type
		None
 Return value:  Size  Location     Type
                  1    wreg      void 
 Registers used:
		wreg
 Tracked objects:
		On entry : 
		On exit  : 
		Unchanged: 
 Data sizes:     COMMON   BANK0   BANK1
      Params:         0       0       0
      Locals:         0       0       0
      Temps:          0       3       0
      Totals:         0       3       0
Total ram usage:        3 bytes
 Hardware stack levels used:    1
 This function calls:
		Nothing
 This function is called by:
		_main
		_accionar_tension_grupo
 This function uses a non-reentrant model


 *************** function _activarCombustible *****************
 Defined at:
		line 441 in file "newmain.c"
 Parameters:    Size  Location     Type
		None
 Auto vars:     Size  Location     Type
		None
 Return value:  Size  Location     Type
                  1    wreg      void 
 Registers used:
		wreg
 Tracked objects:
		On entry : 
		On exit  : 
		Unchanged: 
 Data sizes:     COMMON   BANK0   BANK1
      Params:         0       0       0
      Locals:         0       0       0
      Temps:          0       3       0
      Totals:         0       3       0
Total ram usage:        3 bytes
 Hardware stack levels used:    1
 This function calls:
		Nothing
 This function is called by:
		_main
		_accionar_tension_grupo
 This function uses a non-reentrant model


 *************** function _activarArranque *****************
 Defined at:
		line 420 in file "newmain.c"
 Parameters:    Size  Location     Type
		None
 Auto vars:     Size  Location     Type
		None
 Return value:  Size  Location     Type
                  1    wreg      void 
 Registers used:
		wreg
 Tracked objects:
		On entry : 
		On exit  : 
		Unchanged: 
 Data sizes:     COMMON   BANK0   BANK1
      Params:         0       0       0
      Locals:         0       0       0
      Temps:          0       3       0
      Totals:         0       3       0
Total ram usage:        3 bytes
 Hardware stack levels used:    1
 This function calls:
		Nothing
 This function is called by:
		_main
		_accionar_tension_grupo
 This function uses a non-reentrant model


 *************** function _accionar_temperatura_presion *****************
 Defined at:
		line 796 in file "newmain.c"
 Parameters:    Size  Location     Type
		None
 Auto vars:     Size  Location     Type
		None
 Return value:  Size  Location     Type
                  1    wreg      void 
 Registers used:
		wreg, fsr0l, fsr0h, status,2, status,0, pclath, cstack
 Tracked objects:
		On entry : 
		On exit  : 
		Unchanged: 
 Data sizes:     COMMON   BANK0   BANK1
      Params:         0       0       0
      Locals:         0       0       0
      Temps:          0       0       0
      Totals:         0       0       0
Total ram usage:        0 bytes
 Hardware stack levels used:    1
 Hardware stack levels required when called:    2
 This function calls:
		_apagar_grupo
 This function is called by:
		_main
 This function uses a non-reentrant model


 *************** function _apagar_grupo *****************
 Defined at:
		line 348 in file "newmain.c"
 Parameters:    Size  Location     Type
		None
 Auto vars:     Size  Location     Type
		None
 Return value:  Size  Location     Type
                  1    wreg      void 
 Registers used:
		wreg, status,2, status,0, pclath, cstack
 Tracked objects:
		On entry : 
		On exit  : 
		Unchanged: 
 Data sizes:     COMMON   BANK0   BANK1
      Params:         0       0       0
      Locals:         0       0       0
      Temps:          0       0       0
      Totals:         0       0       0
Total ram usage:        0 bytes
 Hardware stack levels used:    1
 Hardware stack levels required when called:    1
 This function calls:
		_encender_alarma
 This function is called by:
		_accionar_temperatura_presion
		_accionar_tension_grupo
 This function uses a non-reentrant model


 *************** function _encender_alarma *****************
 Defined at:
		line 396 in file "newmain.c"
 Parameters:    Size  Location     Type
		None
 Auto vars:     Size  Location     Type
		None
 Return value:  Size  Location     Type
                  1    wreg      void 
 Registers used:
		None
 Tracked objects:
		On entry : 
		On exit  : 
		Unchanged: 
 Data sizes:     COMMON   BANK0   BANK1
      Params:         0       0       0
      Locals:         0       0       0
      Temps:          0       0       0
      Totals:         0       0       0
Total ram usage:        0 bytes
 Hardware stack levels used:    1
 This function calls:
		Nothing
 This function is called by:
		_apagar_grupo
		_accionar_tension_grupo
 This function uses a non-reentrant model


 *************** function _ADC_setear_Clock *****************
 Defined at:
		line 268 in file "newmain.c"
 Parameters:    Size  Location     Type
		None
 Auto vars:     Size  Location     Type
		None
 Return value:  Size  Location     Type
                  1    wreg      void 
 Registers used:
		None
 Tracked objects:
		On entry : 
		On exit  : 
		Unchanged: 
 Data sizes:     COMMON   BANK0   BANK1
      Params:         0       0       0
      Locals:         0       0       0
      Temps:          0       0       0
      Totals:         0       0       0
Total ram usage:        0 bytes
 Hardware stack levels used:    1
 This function calls:
		Nothing
 This function is called by:
		_main
 This function uses a non-reentrant model



MODULE INFORMATION

Module		Function		Class		Link	Load	Size
newmain.c
		_accionar_tension_grupo		CODE           	06DA	0000	139
		_leer_tension_grupo		CODE           	0565	0000	52
		_encender_led_red_disponible		CODE           	03C8	0000	5
		_funcion_minima		CODE           	04AB	0000	23
		_apagar_led_red_disponible		CODE           	03BC	0000	5
		_main          		CODE           	0764	0000	147
		_activarPrecalentamiento		CODE           	0495	0000	23
		_ADC_selectorCanal		CODE           	04D7	0000	26
		_refrigeracion_de_grupo		CODE           	0512	0000	40
		_apagar_grupo_en_uso		CODE           	0444	0000	20
		_ADC_readValue 		CODE           	03DF	0000	12
		_titilar_led_manual		CODE           	04C1	0000	23
		_leer_tension_linea		CODE           	0673	0000	104
		_ADC_start_conversion		CODE           	03CC	0000	5
		_grupo_en_uso  		CODE           	041E	0000	20
		_accionar_temperatura_presion		CODE           	0598	0000	53
		_leer_temperatura_presion		CODE           	05CC	0000	83
		_ADC_ON        		CODE           	03EA	0000	15
		_activar_uso_de_red		CODE           	03C4	0000	5
		_ADC_setear_Clock		CODE           	03B4	0000	5
		_leer_canales  		CODE           	061E	0000	86
		_desactivar_uso_de_red		CODE           	03C0	0000	5
		_ADC_stop_conversion		CODE           	03D0	0000	8
		_activarCombustible		CODE           	03F8	0000	20
		_encender_alarma		CODE           	03B8	0000	5
		_apagar_grupo_disponible		CODE           	0431	0000	20
		_configuracion_inicial		CODE           	04F0	0000	35
		_encenderTransferencia		CODE           	0539	0000	45
		_apagar_grupo  		CODE           	047F	0000	23
		_activarArranque		CODE           	046A	0000	22
		_desactivar_combustible		CODE           	0457	0000	20
		_grupo_disponible		CODE           	040B	0000	20

newmain.c estimated size: 1114

shared
		__initialization		CODE           	07F6	0000	8

shared estimated size: 8

