Microchip MPLAB XC8 Compiler V2.20

Linker command line:

-W-3 --edf=C:\Program Files\Microchip\xc8\v2.20\pic\dat\en_msgs.txt -cn \
  -h+dist/default/production\PIC_generator_group.production.sym \
  --cmf=dist/default/production\PIC_generator_group.production.cmf -z \
  -Q16F73 -oC:\Users\FEDERI~1\AppData\Local\Temp\sq30.2 \
  --defsym=__MPLAB_BUILD=1 \
  -Mdist/default/production/PIC_generator_group.production.map -E1 \
  -ver=XC8 Compiler --acfsm=1493 -ASTACK=0A0h-0FDh -pstack=STACK \
  -ACODE=00h-07FFhx2 -ASTRCODE=00h-0FFFh -ASTRING=00h-0FFhx16 \
  -ACONST=00h-0FFhx16 -AENTRY=00h-0FFhx16 -ABANK0=020h-07Dh \
  -ABANK1=0A0h-0FDh -ARAM=020h-07Dh,0A0h-0FDh -AABS1=020h-07Fh,0A0h-0FFh \
  -ACOMMON=07Eh-07Fh -ASFR0=00h-01Fh -ASFR1=080h-09Fh -ASFR2=0100h-017Dh \
  -ASFR3=0180h-01FDh -ACONFIG=02007h-02007h -DCONFIG=2 \
  -AIDLOC=02000h-02003h -DIDLOC=2 -preset_vec=00h,intentry,init,end_init \
  -ppowerup=CODE -pcinit=CODE -pfunctab=ENTRY -DCODE=2 -DSTRCODE=2 \
  -DSTRING=2 -DCONST=2 -DENTRY=2 -k \
  C:\Users\FEDERI~1\AppData\Local\Temp\sq30.o \
  dist/default/production\PIC_generator_group.production.o 

Object code version is 3.11

Machine type is 16F73



                Name                               Link     Load   Length Selector   Space Scale
C:\Users\FEDERI~1\AppData\Local\Temp\sq30.o
                end_init                              0        0        2        0       0
                config                             2007     2007        1        0       4
dist/default/production\PIC_generator_group.production.o
                cinit                               7F6      7F6        A      FEC       0
                config                             2007     2007        1        0       4
                text35                              35A      35A        4      6B4       0
                text34                              35E      35E        4      6BC       0
                text33                              41C      41C       15      838       0
                text32                              561      561       31      AC2       0
                text31                              362      362        4      6C4       0
                text30                              4A2      4A2       22      944       0
                text29                              3AA      3AA       13      754       0
                text28                              3BD      3BD       13      77A       0
                text27                              3D0      3D0       13      7A0       0
                text26                              38F      38F        D      71E       0
                text25                              366      366        4      6CC       0
                text24                              641      641       50      C82       0
                text23                              6E1      6E1       59      DC2       0
                text22                              4E9      4E9       26      9D2       0
                text21                              50F      50F       28      A1E       0
                text20                              5C3      5C3       3E      B86       0
                text19                              431      431       16      862       0
                text18                              3E3      3E3       13      7C6       0
                text17                              447      447       16      88E       0
                text16                              36A      36A        4      6D4       0
                text15                              36E      36E        4      6DC       0
                text14                              537      537       2A      A6E       0
                text13                              45D      45D       16      8BA       0
                text12                              3F6      3F6       13      7EC       0
                text11                              409      409       13      812       0
                text10                              39C      39C        E      738       0
                text9                               385      385        A      70A       0
                text8                               489      489       19      912       0
                text7                               372      372        4      6E4       0
                text6                               376      376        7      6EC       0
                text5                               691      691       50      D22       0
                text4                               592      592       31      B24       0
                text3                               4C4      4C4       25      988       0
                text2                               601      601       40      C02       0
                text1                               473      473       16      8E6       0
                maintext                            73A      73A       BC      E74       0
                cstackBANK0                          42       42        8       20       1
                clrtext                             37D      37D        8      6FA       0
                bssBANK0                             20       20       22       20       1

TOTAL           Name                               Link     Load   Length     Space
        CLASS   STACK          

        CLASS   CODE           
                end_init                              0        0        2         0
                cinit                               7F6      7F6        A         0
                text35                              35A      35A        4         0
                text34                              35E      35E        4         0
                text33                              41C      41C       15         0
                text32                              561      561       31         0
                text31                              362      362        4         0
                text30                              4A2      4A2       22         0
                text29                              3AA      3AA       13         0
                text28                              3BD      3BD       13         0
                text27                              3D0      3D0       13         0
                text26                              38F      38F        D         0
                text25                              366      366        4         0
                text24                              641      641       50         0
                text23                              6E1      6E1       59         0
                text22                              4E9      4E9       26         0
                text21                              50F      50F       28         0
                text20                              5C3      5C3       3E         0
                text19                              431      431       16         0
                text18                              3E3      3E3       13         0
                text17                              447      447       16         0
                text16                              36A      36A        4         0
                text15                              36E      36E        4         0
                text14                              537      537       2A         0
                text13                              45D      45D       16         0
                text12                              3F6      3F6       13         0
                text11                              409      409       13         0
                text10                              39C      39C        E         0
                text9                               385      385        A         0
                text8                               489      489       19         0
                text7                               372      372        4         0
                text6                               376      376        7         0
                text5                               691      691       50         0
                text4                               592      592       31         0
                text3                               4C4      4C4       25         0
                text2                               601      601       40         0
                text1                               473      473       16         0
                maintext                            73A      73A       BC         0
                clrtext                             37D      37D        8         0

        CLASS   STRCODE        

        CLASS   STRING         

        CLASS   CONST          

        CLASS   ENTRY          

        CLASS   BANK0          
                cstackBANK0                          42       42        8         1
                bssBANK0                             20       20       22         1

        CLASS   BANK1          

        CLASS   RAM            

        CLASS   ABS1           
                abs_s1                               7E       7E        2         1

        CLASS   COMMON         

        CLASS   SFR0           

        CLASS   SFR1           

        CLASS   SFR2           

        CLASS   SFR3           

        CLASS   CONFIG         
                config                             2007     2007        1         4

        CLASS   IDLOC          

        CLASS   BANK3          

        CLASS   BANK2          

        CLASS   EEDATA         



SEGMENTS        Name                           Load    Length   Top    Selector   Space  Class     Delta

                reset_vec                      000000  000002  000002         0       0  CODE        2
                bssBANK0                       000020  00002A  00004A        20       1  BANK0       1
                text35                         00035A  000004  00035E       6B4       0  CODE        2
                text34                         00035E  000004  000362       6BC       0  CODE        2
                text31                         000362  000004  000366       6C4       0  CODE        2
                text25                         000366  000004  00036A       6CC       0  CODE        2
                text16                         00036A  000004  00036E       6D4       0  CODE        2
                text15                         00036E  000004  000372       6DC       0  CODE        2
                text7                          000372  000004  000376       6E4       0  CODE        2
                text6                          000376  000007  00037D       6EC       0  CODE        2
                clrtext                        00037D  000008  000385       6FA       0  CODE        2
                text9                          000385  00000A  00038F       70A       0  CODE        2
                text26                         00038F  00000D  00039C       71E       0  CODE        2
                text10                         00039C  00000E  0003AA       738       0  CODE        2
                text29                         0003AA  000013  0003BD       754       0  CODE        2
                text28                         0003BD  000013  0003D0       77A       0  CODE        2
                text27                         0003D0  000013  0003E3       7A0       0  CODE        2
                text18                         0003E3  000013  0003F6       7C6       0  CODE        2
                text12                         0003F6  000013  000409       7EC       0  CODE        2
                text11                         000409  000013  00041C       812       0  CODE        2
                text33                         00041C  000015  000431       838       0  CODE        2
                text19                         000431  000016  000447       862       0  CODE        2
                text17                         000447  000016  00045D       88E       0  CODE        2
                text13                         00045D  000016  000473       8BA       0  CODE        2
                text1                          000473  000016  000489       8E6       0  CODE        2
                text8                          000489  000019  0004A2       912       0  CODE        2
                text30                         0004A2  000022  0004C4       944       0  CODE        2
                text3                          0004C4  000025  0004E9       988       0  CODE        2
                text22                         0004E9  000026  00050F       9D2       0  CODE        2
                text21                         00050F  000028  000537       A1E       0  CODE        2
                text14                         000537  00002A  000561       A6E       0  CODE        2
                text32                         000561  000031  000592       AC2       0  CODE        2
                text4                          000592  000031  0005C3       B24       0  CODE        2
                text20                         0005C3  00003E  000601       B86       0  CODE        2
                text2                          000601  000040  000641       C02       0  CODE        2
                text24                         000641  000050  000691       C82       0  CODE        2
                text5                          000691  000050  0006E1       D22       0  CODE        2
                text23                         0006E1  000059  00073A       DC2       0  CODE        2
                maintext                       00073A  0000BC  0007F6       E74       0  CODE        2
                cinit                          0007F6  00000A  000800       FEC       0  CODE        2


UNUSED ADDRESS RANGES

        Name                Unused          Largest block    Delta
        BANK0            004A-007D             34           1
        BANK1            00A0-00FD             5E           1
        CODE             0002-0359            358           2
                         0800-0FFF            800
        CONST            0002-0359            100           2
                         0800-0FFF            100
        ENTRY            0002-0359            100           2
                         0800-0FFF            100
        IDLOC            2000-2003              4           2
        RAM              004A-007D             34           1
                         00A0-00FD             5E
        SFR0             0000-001F             20           1
        SFR1             0080-009F             20           1
        SFR2             0100-017D             7E           1
        SFR3             0180-01FD             7E           1
        STACK            00A0-00FD             5E           1
        STRCODE          0002-0359            358           2
                         0800-0FFF            800
        STRING           0002-0359            100           2
                         0800-0FFF            100

                                  Symbol Table

?_ADC_readValue                        cstackBANK0  0042
ADC_selectorCanal@canal                cstackBANK0  0042
_ADCON0                                (abs)        001F
_ADCON1                                (abs)        009F
_ADC_ON                                text10       039C
_ADC_readValue                         text9        0385
_ADC_selectorCanal                     text8        0489
_ADC_setear_Clock                      text35       035A
_ADC_start_conversion                  text7        0372
_ADC_stop_conversion                   text6        0376
_ADRES                                 (abs)        001E
_RB0                                   (abs)        0030
_RB1                                   (abs)        0031
_RB2                                   (abs)        0032
_RB3                                   (abs)        0033
_RB4                                   (abs)        0034
_RB5                                   (abs)        0035
_RB6                                   (abs)        0036
_RC0                                   (abs)        0038
_RC1                                   (abs)        0039
_RC2                                   (abs)        003A
_RC3                                   (abs)        003B
_RC4                                   (abs)        003C
_RC5                                   (abs)        003D
_RC6                                   (abs)        003E
_RC7                                   (abs)        003F
_TRISA                                 (abs)        0085
_TRISB                                 (abs)        0086
_TRISC                                 (abs)        0087
__Habs1                                abs1         0000
__Hbank0                               bank0        0000
__Hbank1                               bank1        0000
__Hbank2                               bank2        0000
__Hbank3                               bank3        0000
__HbssBANK0                            bssBANK0     0000
__Hcinit                               cinit        0800
__Hclrtext                             clrtext      0000
__Hcode                                code         0000
__Hcommon                              common       0000
__Hconfig                              config       2008
__HcstackBANK0                         cstackBANK0  0000
__HcstackCOMMON                        cstackCOMMON 0000
__Heeprom_data                         eeprom_data  0000
__Hend_init                            end_init     0002
__Hfunctab                             functab      0000
__Hinit                                init         0000
__Hintentry                            intentry     0000
__Hmaintext                            maintext     0000
__Hpowerup                             powerup      0000
__Hram                                 ram          0000
__Hreset_vec                           reset_vec    0000
__Hsfr0                                sfr0         0000
__Hsfr1                                sfr1         0000
__Hsfr2                                sfr2         0000
__Hsfr3                                sfr3         0000
__Hspace_0                             (abs)        0800
__Hspace_1                             (abs)        004A
__Hspace_2                             (abs)        0000
__Hspace_3                             (abs)        0000
__Hspace_4                             (abs)        400F
__Hstack                               stack        0000
__Hstrings                             strings      0000
__Htext                                text         0000
__Labs1                                abs1         0000
__Lbank0                               bank0        0000
__Lbank1                               bank1        0000
__Lbank2                               bank2        0000
__Lbank3                               bank3        0000
__LbssBANK0                            bssBANK0     0000
__Lcinit                               cinit        07F6
__Lclrtext                             clrtext      0000
__Lcode                                code         0000
__Lcommon                              common       0000
__Lconfig                              config       0000
__LcstackBANK0                         cstackBANK0  0000
__LcstackCOMMON                        cstackCOMMON 0000
__Leeprom_data                         eeprom_data  0000
__Lend_init                            end_init     0000
__Lfunctab                             functab      0000
__Linit                                init         0000
__Lintentry                            intentry     0000
__Lmaintext                            maintext     0000
__Lpowerup                             powerup      0000
__Lram                                 ram          0000
__Lreset_vec                           reset_vec    0000
__Lsfr0                                sfr0         0000
__Lsfr1                                sfr1         0000
__Lsfr2                                sfr2         0000
__Lsfr3                                sfr3         0000
__Lspace_0                             (abs)        0000
__Lspace_1                             (abs)        0000
__Lspace_2                             (abs)        0000
__Lspace_3                             (abs)        0000
__Lspace_4                             (abs)        0000
__Lstack                               stack        0000
__Lstrings                             strings      0000
__Ltext                                text         0000
__S0                                   (abs)        0800
__S1                                   (abs)        004A
__S2                                   (abs)        0000
___int_sp                              stack        0000
___latbits                             (abs)        0001
___sp                                  stack        0000
___stackhi                             (abs)        0000
___stacklo                             (abs)        0000
__end_of_ADC_ON                        text10       03AA
__end_of_ADC_readValue                 text9        038F
__end_of_ADC_selectorCanal             text8        04A2
__end_of_ADC_setear_Clock              text35       035E
__end_of_ADC_start_conversion          text7        0376
__end_of_ADC_stop_conversion           text6        037D
__end_of__initialization               cinit        07FD
__end_of_accionar_temperatura_presion  text32       0592
__end_of_accionar_tension_grupo        text20       0601
__end_of_activarArranque               text19       0447
__end_of_activarCombustible            text18       03F6
__end_of_activarPrecalentamiento       text17       045D
__end_of_activar_uso_de_red            text31       0366
__end_of_apagar_grupo                  text33       0431
__end_of_apagar_grupo_disponible       text29       03BD
__end_of_apagar_grupo_en_uso           text28       03D0
__end_of_apagar_led_red_disponible     text16       036E
__end_of_configuracion_inicial         text30       04C4
__end_of_desactivarEquipo              text21       0537
__end_of_desactivarTensionGrupo        text26       039C
__end_of_desactivar_combustible        text27       03E3
__end_of_desactivar_uso_de_red         text15       0372
__end_of_encenderTransferencia         text14       0561
__end_of_encender_alarma               text34       0362
__end_of_encender_led_red_disponible   text25       036A
__end_of_funcion_minima                text13       0473
__end_of_grupo_disponible              text12       0409
__end_of_grupo_en_uso                  text11       041C
__end_of_iniciar_equipo                text3        04E9
__end_of_leer_canales                  text5        06E1
__end_of_leer_temperatura_presion      text24       0691
__end_of_leer_tension_grupo            text4        05C3
__end_of_leer_tension_linea            text23       073A
__end_of_main                          maintext     07F6
__end_of_refrigeracion_de_grupo        text22       050F
__end_of_reintentar_inicio             text2        0641
__end_of_titilar_led_manual            text1        0489
__initialization                       cinit        07F6
__pbssBANK0                            bssBANK0     0020
__pcstackBANK0                         cstackBANK0  0042
__pcstackCOMMON                        cstackCOMMON 0000
__pmaintext                            maintext     073A
__ptext1                               text1        0473
__ptext10                              text10       039C
__ptext11                              text11       0409
__ptext12                              text12       03F6
__ptext13                              text13       045D
__ptext14                              text14       0537
__ptext15                              text15       036E
__ptext16                              text16       036A
__ptext17                              text17       0447
__ptext18                              text18       03E3
__ptext19                              text19       0431
__ptext2                               text2        0601
__ptext20                              text20       05C3
__ptext21                              text21       050F
__ptext22                              text22       04E9
__ptext23                              text23       06E1
__ptext24                              text24       0641
__ptext25                              text25       0366
__ptext26                              text26       038F
__ptext27                              text27       03D0
__ptext28                              text28       03BD
__ptext29                              text29       03AA
__ptext3                               text3        04C4
__ptext30                              text30       04A2
__ptext31                              text31       0362
__ptext32                              text32       0561
__ptext33                              text33       041C
__ptext34                              text34       035E
__ptext35                              text35       035A
__ptext4                               text4        0592
__ptext5                               text5        0691
__ptext6                               text6        0376
__ptext7                               text7        0372
__ptext8                               text8        0489
__ptext9                               text9        0385
__size_of_ADC_ON                       (abs)        0000
__size_of_ADC_readValue                (abs)        0000
__size_of_ADC_selectorCanal            (abs)        0000
__size_of_ADC_setear_Clock             (abs)        0000
__size_of_ADC_start_conversion         (abs)        0000
__size_of_ADC_stop_conversion          (abs)        0000
__size_of_accionar_temperatura_presion (abs)        0000
__size_of_accionar_tension_grupo       (abs)        0000
__size_of_activarArranque              (abs)        0000
__size_of_activarCombustible           (abs)        0000
__size_of_activarPrecalentamiento      (abs)        0000
__size_of_activar_uso_de_red           (abs)        0000
__size_of_apagar_grupo                 (abs)        0000
__size_of_apagar_grupo_disponible      (abs)        0000
__size_of_apagar_grupo_en_uso          (abs)        0000
__size_of_apagar_led_red_disponible    (abs)        0000
__size_of_configuracion_inicial        (abs)        0000
__size_of_desactivarEquipo             (abs)        0000
__size_of_desactivarTensionGrupo       (abs)        0000
__size_of_desactivar_combustible       (abs)        0000
__size_of_desactivar_uso_de_red        (abs)        0000
__size_of_encenderTransferencia        (abs)        0000
__size_of_encender_alarma              (abs)        0000
__size_of_encender_led_red_disponible  (abs)        0000
__size_of_funcion_minima               (abs)        0000
__size_of_grupo_disponible             (abs)        0000
__size_of_grupo_en_uso                 (abs)        0000
__size_of_iniciar_equipo               (abs)        0000
__size_of_leer_canales                 (abs)        0000
__size_of_leer_temperatura_presion     (abs)        0000
__size_of_leer_tension_grupo           (abs)        0000
__size_of_leer_tension_linea           (abs)        0000
__size_of_main                         (abs)        0000
__size_of_refrigeracion_de_grupo       (abs)        0000
__size_of_reintentar_inicio            (abs)        0000
__size_of_titilar_led_manual           (abs)        0000
_accionar_temperatura_presion          text32       0561
_accionar_tension_grupo                text20       05C3
_activarArranque                       text19       0431
_activarCombustible                    text18       03E3
_activarPrecalentamiento               text17       0447
_activar_uso_de_red                    text31       0362
_apagar_grupo                          text33       041C
_apagar_grupo_disponible               text29       03AA
_apagar_grupo_en_uso                   text28       03BD
_apagar_led_red_disponible             text16       036A
_configuracion_inicial                 text30       04A2
_desactivarEquipo                      text21       050F
_desactivarTensionGrupo                text26       038F
_desactivar_combustible                text27       03D0
_desactivar_uso_de_red                 text15       036E
_encenderTransferencia                 text14       0537
_encender_alarma                       text34       035E
_encender_led_red_disponible           text25       0366
_estado                                bssBANK0     002A
_flag_equipo_en_marcha                 bssBANK0     0036
_flag_hubo_falla                       bssBANK0     0038
_flag_inicio_grupo                     bssBANK0     0040
_flag_inicio_red                       bssBANK0     003C
_flag_parpadeo_automatico              bssBANK0     003E
_funcion_minima                        text13       045D
_grupo_disponible                      text12       03F6
_grupo_en_uso                          text11       0409
_iniciar_equipo                        text3        04C4
_lectura                               bssBANK0     0020
_led_manual                            bssBANK0     003A
_leer_canales                          text5        0691
_leer_temperatura_presion              text24       0641
_leer_tension_grupo                    text4        0592
_leer_tension_linea                    text23       06E1
_main                                  maintext     073A
_refrigeracion_de_grupo                text22       04E9
_reintentar_arranque                   bssBANK0     0034
_reintentar_inicio                     text2        0601
_titilar_led_manual                    text1        0473
btemp                                  (abs)        007E
clear_ram0                             clrtext      037D
encenderTransferencia@counter          cstackBANK0  0045
end_of_initialization                  cinit        07FD
intlevel0                              functab      0000
intlevel1                              functab      0000
intlevel2                              functab      0000
intlevel3                              functab      0000
intlevel4                              functab      0000
intlevel5                              functab      0000
leer_canales@canal                     cstackBANK0  0048
leer_tension_linea@verificar_red       cstackBANK0  0044
refrigeracion_de_grupo@contador        cstackBANK0  0045
reset_vec                              reset_vec    0000
start                                  init         0000
start_initialization                   cinit        07F6
wtemp0                                 (abs)        007E


FUNCTION INFORMATION:

 *************** function _main *****************
 Defined at:
		line 167 in file "newmain.c"
 Parameters:    Size  Location     Type
		None
 Auto vars:     Size  Location     Type
		None
 Return value:  Size  Location     Type
                  2  124[None  ] int 
 Registers used:
		wreg, fsr0l, fsr0h, status,2, status,0, btemp+1, pclath, cstack
 Tracked objects:
		On entry : 
		On exit  : 
		Unchanged: 
 Data sizes:     COMMON   BANK0   BANK1
      Params:         0       0       0
      Locals:         0       0       0
      Temps:          0       0       0
      Totals:         0       0       0
Total ram usage:        0 bytes
 Hardware stack levels required when called:    5
 This function calls:
		_ADC_setear_Clock
		_accionar_temperatura_presion
		_accionar_tension_grupo
		_activarArranque
		_activarCombustible
		_activarPrecalentamiento
		_activar_uso_de_red
		_apagar_grupo_disponible
		_apagar_grupo_en_uso
		_apagar_led_red_disponible
		_configuracion_inicial
		_desactivarTensionGrupo
		_desactivar_combustible
		_desactivar_uso_de_red
		_encenderTransferencia
		_encender_led_red_disponible
		_funcion_minima
		_grupo_disponible
		_grupo_en_uso
		_leer_canales
		_leer_temperatura_presion
		_leer_tension_grupo
		_leer_tension_linea
		_refrigeracion_de_grupo
		_reintentar_inicio
		_titilar_led_manual
 This function is called by:
		Startup code after reset
 This function uses a non-reentrant model


 *************** function _titilar_led_manual *****************
 Defined at:
		line 381 in file "newmain.c"
 Parameters:    Size  Location     Type
		None
 Auto vars:     Size  Location     Type
		None
 Return value:  Size  Location     Type
                  1    wreg      void 
 Registers used:
		wreg
 Tracked objects:
		On entry : 
		On exit  : 
		Unchanged: 
 Data sizes:     COMMON   BANK0   BANK1
      Params:         0       0       0
      Locals:         0       0       0
      Temps:          0       3       0
      Totals:         0       3       0
Total ram usage:        3 bytes
 Hardware stack levels used:    1
 This function calls:
		Nothing
 This function is called by:
		_main
 This function uses a non-reentrant model


 *************** function _reintentar_inicio *****************
 Defined at:
		line 998 in file "newmain.c"
 Parameters:    Size  Location     Type
		None
 Auto vars:     Size  Location     Type
		None
 Return value:  Size  Location     Type
                  1    wreg      void 
 Registers used:
		wreg, fsr0l, fsr0h, status,2, status,0, btemp+1, pclath, cstack
 Tracked objects:
		On entry : 
		On exit  : 
		Unchanged: 
 Data sizes:     COMMON   BANK0   BANK1
      Params:         0       0       0
      Locals:         0       0       0
      Temps:          0       0       0
      Totals:         0       0       0
Total ram usage:        0 bytes
 Hardware stack levels used:    1
 Hardware stack levels required when called:    4
 This function calls:
		_accionar_tension_grupo
		_desactivarEquipo
		_iniciar_equipo
 This function is called by:
		_main
 This function uses a non-reentrant model


 *************** function _iniciar_equipo *****************
 Defined at:
		line 1018 in file "newmain.c"
 Parameters:    Size  Location     Type
		None
 Auto vars:     Size  Location     Type
		None
 Return value:  Size  Location     Type
                  1    wreg      void 
 Registers used:
		wreg, fsr0l, fsr0h, status,2, status,0, btemp+1, pclath, cstack
 Tracked objects:
		On entry : 
		On exit  : 
		Unchanged: 
 Data sizes:     COMMON   BANK0   BANK1
      Params:         0       0       0
      Locals:         0       0       0
      Temps:          0       0       0
      Totals:         0       0       0
Total ram usage:        0 bytes
 Hardware stack levels used:    1
 Hardware stack levels required when called:    3
 This function calls:
		_accionar_tension_grupo
		_activarArranque
		_activarCombustible
		_activarPrecalentamiento
		_apagar_led_red_disponible
		_desactivar_uso_de_red
		_encenderTransferencia
		_funcion_minima
		_grupo_disponible
		_grupo_en_uso
		_leer_canales
		_leer_tension_grupo
 This function is called by:
		_reintentar_inicio
 This function uses a non-reentrant model


 *************** function _leer_tension_grupo *****************
 Defined at:
		line 936 in file "newmain.c"
 Parameters:    Size  Location     Type
		None
 Auto vars:     Size  Location     Type
		None
 Return value:  Size  Location     Type
                  1    wreg      void 
 Registers used:
		wreg, status,2
 Tracked objects:
		On entry : 
		On exit  : 
		Unchanged: 
 Data sizes:     COMMON   BANK0   BANK1
      Params:         0       0       0
      Locals:         0       0       0
      Temps:          0       0       0
      Totals:         0       0       0
Total ram usage:        0 bytes
 Hardware stack levels used:    1
 This function calls:
		Nothing
 This function is called by:
		_main
		_iniciar_equipo
 This function uses a non-reentrant model


 *************** function _leer_canales *****************
 Defined at:
		line 326 in file "newmain.c"
 Parameters:    Size  Location     Type
		None
 Auto vars:     Size  Location     Type
  canal           2    6[BANK0 ] unsigned short 
 Return value:  Size  Location     Type
                  1    wreg      void 
 Registers used:
		wreg, fsr0l, fsr0h, status,2, status,0, btemp+1, pclath, cstack
 Tracked objects:
		On entry : 
		On exit  : 
		Unchanged: 
 Data sizes:     COMMON   BANK0   BANK1
      Params:         0       0       0
      Locals:         0       2       0
      Temps:          0       2       0
      Totals:         0       4       0
Total ram usage:        4 bytes
 Hardware stack levels used:    1
 Hardware stack levels required when called:    1
 This function calls:
		_ADC_ON
		_ADC_readValue
		_ADC_selectorCanal
		_ADC_start_conversion
		_ADC_stop_conversion
 This function is called by:
		_main
		_iniciar_equipo
 This function uses a non-reentrant model


 *************** function _ADC_stop_conversion *****************
 Defined at:
		line 314 in file "newmain.c"
 Parameters:    Size  Location     Type
		None
 Auto vars:     Size  Location     Type
		None
 Return value:  Size  Location     Type
                  1    wreg      void 
 Registers used:
		wreg, status,2, status,0, btemp+1
 Tracked objects:
		On entry : 
		On exit  : 
		Unchanged: 
 Data sizes:     COMMON   BANK0   BANK1
      Params:         0       0       0
      Locals:         0       0       0
      Temps:          0       0       0
      Totals:         0       0       0
Total ram usage:        0 bytes
 Hardware stack levels used:    1
 This function calls:
		Nothing
 This function is called by:
		_leer_canales
 This function uses a non-reentrant model


 *************** function _ADC_start_conversion *****************
 Defined at:
		line 305 in file "newmain.c"
 Parameters:    Size  Location     Type
		None
 Auto vars:     Size  Location     Type
		None
 Return value:  Size  Location     Type
                  1    wreg      void 
 Registers used:
		None
 Tracked objects:
		On entry : 
		On exit  : 
		Unchanged: 
 Data sizes:     COMMON   BANK0   BANK1
      Params:         0       0       0
      Locals:         0       0       0
      Temps:          0       0       0
      Totals:         0       0       0
Total ram usage:        0 bytes
 Hardware stack levels used:    1
 This function calls:
		Nothing
 This function is called by:
		_leer_canales
 This function uses a non-reentrant model


 *************** function _ADC_selectorCanal *****************
 Defined at:
		line 281 in file "newmain.c"
 Parameters:    Size  Location     Type
  canal           2    0[BANK0 ] unsigned short 
 Auto vars:     Size  Location     Type
		None
 Return value:  Size  Location     Type
                  1    wreg      void 
 Registers used:
		wreg, status,2, status,0
 Tracked objects:
		On entry : 
		On exit  : 
		Unchanged: 
 Data sizes:     COMMON   BANK0   BANK1
      Params:         0       2       0
      Locals:         0       0       0
      Temps:          0       2       0
      Totals:         0       4       0
Total ram usage:        4 bytes
 Hardware stack levels used:    1
 This function calls:
		Nothing
 This function is called by:
		_leer_canales
 This function uses a non-reentrant model


 *************** function _ADC_readValue *****************
 Defined at:
		line 321 in file "newmain.c"
 Parameters:    Size  Location     Type
		None
 Auto vars:     Size  Location     Type
		None
 Return value:  Size  Location     Type
                  2    0[BANK0 ] unsigned int 
 Registers used:
		wreg
 Tracked objects:
		On entry : 
		On exit  : 
		Unchanged: 
 Data sizes:     COMMON   BANK0   BANK1
      Params:         0       2       0
      Locals:         0       0       0
      Temps:          0       2       0
      Totals:         0       4       0
Total ram usage:        4 bytes
 Hardware stack levels used:    1
 This function calls:
		Nothing
 This function is called by:
		_leer_canales
 This function uses a non-reentrant model


 *************** function _ADC_ON *****************
 Defined at:
		line 296 in file "newmain.c"
 Parameters:    Size  Location     Type
		None
 Auto vars:     Size  Location     Type
		None
 Return value:  Size  Location     Type
                  1    wreg      void 
 Registers used:
		wreg
 Tracked objects:
		On entry : 
		On exit  : 
		Unchanged: 
 Data sizes:     COMMON   BANK0   BANK1
      Params:         0       0       0
      Locals:         0       0       0
      Temps:          0       2       0
      Totals:         0       2       0
Total ram usage:        2 bytes
 Hardware stack levels used:    1
 This function calls:
		Nothing
 This function is called by:
		_leer_canales
 This function uses a non-reentrant model


 *************** function _grupo_en_uso *****************
 Defined at:
		line 494 in file "newmain.c"
 Parameters:    Size  Location     Type
		None
 Auto vars:     Size  Location     Type
		None
 Return value:  Size  Location     Type
                  1    wreg      void 
 Registers used:
		wreg
 Tracked objects:
		On entry : 
		On exit  : 
		Unchanged: 
 Data sizes:     COMMON   BANK0   BANK1
      Params:         0       0       0
      Locals:         0       0       0
      Temps:          0       3       0
      Totals:         0       3       0
Total ram usage:        3 bytes
 Hardware stack levels used:    1
 This function calls:
		Nothing
 This function is called by:
		_main
		_iniciar_equipo
 This function uses a non-reentrant model


 *************** function _grupo_disponible *****************
 Defined at:
		line 490 in file "newmain.c"
 Parameters:    Size  Location     Type
		None
 Auto vars:     Size  Location     Type
		None
 Return value:  Size  Location     Type
                  1    wreg      void 
 Registers used:
		wreg
 Tracked objects:
		On entry : 
		On exit  : 
		Unchanged: 
 Data sizes:     COMMON   BANK0   BANK1
      Params:         0       0       0
      Locals:         0       0       0
      Temps:          0       3       0
      Totals:         0       3       0
Total ram usage:        3 bytes
 Hardware stack levels used:    1
 This function calls:
		Nothing
 This function is called by:
		_main
		_iniciar_equipo
 This function uses a non-reentrant model


 *************** function _funcion_minima *****************
 Defined at:
		line 504 in file "newmain.c"
 Parameters:    Size  Location     Type
		None
 Auto vars:     Size  Location     Type
		None
 Return value:  Size  Location     Type
                  1    wreg      void 
 Registers used:
		wreg
 Tracked objects:
		On entry : 
		On exit  : 
		Unchanged: 
 Data sizes:     COMMON   BANK0   BANK1
      Params:         0       0       0
      Locals:         0       0       0
      Temps:          0       3       0
      Totals:         0       3       0
Total ram usage:        3 bytes
 Hardware stack levels used:    1
 This function calls:
		Nothing
 This function is called by:
		_main
		_iniciar_equipo
 This function uses a non-reentrant model


 *************** function _encenderTransferencia *****************
 Defined at:
		line 472 in file "newmain.c"
 Parameters:    Size  Location     Type
		None
 Auto vars:     Size  Location     Type
  counter         2    3[BANK0 ] unsigned short 
 Return value:  Size  Location     Type
                  1    wreg      void 
 Registers used:
		wreg, status,2, status,0
 Tracked objects:
		On entry : 
		On exit  : 
		Unchanged: 
 Data sizes:     COMMON   BANK0   BANK1
      Params:         0       0       0
      Locals:         0       2       0
      Temps:          0       3       0
      Totals:         0       5       0
Total ram usage:        5 bytes
 Hardware stack levels used:    1
 This function calls:
		Nothing
 This function is called by:
		_main
		_iniciar_equipo
 This function uses a non-reentrant model


 *************** function _desactivar_uso_de_red *****************
 Defined at:
		line 398 in file "newmain.c"
 Parameters:    Size  Location     Type
		None
 Auto vars:     Size  Location     Type
		None
 Return value:  Size  Location     Type
                  1    wreg      void 
 Registers used:
		None
 Tracked objects:
		On entry : 
		On exit  : 
		Unchanged: 
 Data sizes:     COMMON   BANK0   BANK1
      Params:         0       0       0
      Locals:         0       0       0
      Temps:          0       0       0
      Totals:         0       0       0
Total ram usage:        0 bytes
 Hardware stack levels used:    1
 This function calls:
		Nothing
 This function is called by:
		_main
		_iniciar_equipo
 This function uses a non-reentrant model


 *************** function _apagar_led_red_disponible *****************
 Defined at:
		line 409 in file "newmain.c"
 Parameters:    Size  Location     Type
		None
 Auto vars:     Size  Location     Type
		None
 Return value:  Size  Location     Type
                  1    wreg      void 
 Registers used:
		None
 Tracked objects:
		On entry : 
		On exit  : 
		Unchanged: 
 Data sizes:     COMMON   BANK0   BANK1
      Params:         0       0       0
      Locals:         0       0       0
      Temps:          0       0       0
      Totals:         0       0       0
Total ram usage:        0 bytes
 Hardware stack levels used:    1
 This function calls:
		Nothing
 This function is called by:
		_main
		_iniciar_equipo
 This function uses a non-reentrant model


 *************** function _activarPrecalentamiento *****************
 Defined at:
		line 427 in file "newmain.c"
 Parameters:    Size  Location     Type
		None
 Auto vars:     Size  Location     Type
		None
 Return value:  Size  Location     Type
                  1    wreg      void 
 Registers used:
		wreg
 Tracked objects:
		On entry : 
		On exit  : 
		Unchanged: 
 Data sizes:     COMMON   BANK0   BANK1
      Params:         0       0       0
      Locals:         0       0       0
      Temps:          0       3       0
      Totals:         0       3       0
Total ram usage:        3 bytes
 Hardware stack levels used:    1
 This function calls:
		Nothing
 This function is called by:
		_main
		_iniciar_equipo
 This function uses a non-reentrant model


 *************** function _activarCombustible *****************
 Defined at:
		line 461 in file "newmain.c"
 Parameters:    Size  Location     Type
		None
 Auto vars:     Size  Location     Type
		None
 Return value:  Size  Location     Type
                  1    wreg      void 
 Registers used:
		wreg
 Tracked objects:
		On entry : 
		On exit  : 
		Unchanged: 
 Data sizes:     COMMON   BANK0   BANK1
      Params:         0       0       0
      Locals:         0       0       0
      Temps:          0       3       0
      Totals:         0       3       0
Total ram usage:        3 bytes
 Hardware stack levels used:    1
 This function calls:
		Nothing
 This function is called by:
		_main
		_iniciar_equipo
 This function uses a non-reentrant model


 *************** function _activarArranque *****************
 Defined at:
		line 440 in file "newmain.c"
 Parameters:    Size  Location     Type
		None
 Auto vars:     Size  Location     Type
		None
 Return value:  Size  Location     Type
                  1    wreg      void 
 Registers used:
		wreg
 Tracked objects:
		On entry : 
		On exit  : 
		Unchanged: 
 Data sizes:     COMMON   BANK0   BANK1
      Params:         0       0       0
      Locals:         0       0       0
      Temps:          0       3       0
      Totals:         0       3       0
Total ram usage:        3 bytes
 Hardware stack levels used:    1
 This function calls:
		Nothing
 This function is called by:
		_main
		_iniciar_equipo
 This function uses a non-reentrant model


 *************** function _accionar_tension_grupo *****************
 Defined at:
		line 956 in file "newmain.c"
 Parameters:    Size  Location     Type
		None
 Auto vars:     Size  Location     Type
		None
 Return value:  Size  Location     Type
                  1    wreg      void 
 Registers used:
		wreg, fsr0l, fsr0h, status,2, status,0, pclath, cstack
 Tracked objects:
		On entry : 
		On exit  : 
		Unchanged: 
 Data sizes:     COMMON   BANK0   BANK1
      Params:         0       0       0
      Locals:         0       0       0
      Temps:          0       0       0
      Totals:         0       0       0
Total ram usage:        0 bytes
 Hardware stack levels used:    1
 Hardware stack levels required when called:    2
 This function calls:
		_apagar_grupo
 This function is called by:
		_main
		_reintentar_inicio
		_iniciar_equipo
 This function uses a non-reentrant model


 *************** function _desactivarEquipo *****************
 Defined at:
		line 1035 in file "newmain.c"
 Parameters:    Size  Location     Type
		None
 Auto vars:     Size  Location     Type
		None
 Return value:  Size  Location     Type
                  1    wreg      void 
 Registers used:
		wreg, status,2, status,0, pclath, cstack
 Tracked objects:
		On entry : 
		On exit  : 
		Unchanged: 
 Data sizes:     COMMON   BANK0   BANK1
      Params:         0       0       0
      Locals:         0       0       0
      Temps:          0       3       0
      Totals:         0       3       0
Total ram usage:        3 bytes
 Hardware stack levels used:    1
 Hardware stack levels required when called:    1
 This function calls:
		_apagar_grupo_disponible
		_apagar_grupo_en_uso
		_desactivar_combustible
 This function is called by:
		_reintentar_inicio
 This function uses a non-reentrant model


 *************** function _refrigeracion_de_grupo *****************
 Defined at:
		line 353 in file "newmain.c"
 Parameters:    Size  Location     Type
		None
 Auto vars:     Size  Location     Type
  contador        2    3[BANK0 ] unsigned short 
 Return value:  Size  Location     Type
                  1    wreg      void 
 Registers used:
		wreg, status,2
 Tracked objects:
		On entry : 
		On exit  : 
		Unchanged: 
 Data sizes:     COMMON   BANK0   BANK1
      Params:         0       0       0
      Locals:         0       2       0
      Temps:          0       3       0
      Totals:         0       5       0
Total ram usage:        5 bytes
 Hardware stack levels used:    1
 This function calls:
		Nothing
 This function is called by:
		_main
 This function uses a non-reentrant model


 *************** function _leer_tension_linea *****************
 Defined at:
		line 879 in file "newmain.c"
 Parameters:    Size  Location     Type
		None
 Auto vars:     Size  Location     Type
  verificar_re    2    2[BANK0 ] unsigned short 
  no_iniciar      2    0        unsigned short 
 Return value:  Size  Location     Type
                  1    wreg      void 
 Registers used:
		wreg, status,2, status,0
 Tracked objects:
		On entry : 
		On exit  : 
		Unchanged: 
 Data sizes:     COMMON   BANK0   BANK1
      Params:         0       0       0
      Locals:         0       4       0
      Temps:          0       0       0
      Totals:         0       4       0
Total ram usage:        4 bytes
 Hardware stack levels used:    1
 This function calls:
		Nothing
 This function is called by:
		_main
 This function uses a non-reentrant model


 *************** function _leer_temperatura_presion *****************
 Defined at:
		line 794 in file "newmain.c"
 Parameters:    Size  Location     Type
		None
 Auto vars:     Size  Location     Type
		None
 Return value:  Size  Location     Type
                  1    wreg      void 
 Registers used:
		wreg, status,2
 Tracked objects:
		On entry : 
		On exit  : 
		Unchanged: 
 Data sizes:     COMMON   BANK0   BANK1
      Params:         0       0       0
      Locals:         0       0       0
      Temps:          0       0       0
      Totals:         0       0       0
Total ram usage:        0 bytes
 Hardware stack levels used:    1
 This function calls:
		Nothing
 This function is called by:
		_main
 This function uses a non-reentrant model


 *************** function _encender_led_red_disponible *****************
 Defined at:
		line 403 in file "newmain.c"
 Parameters:    Size  Location     Type
		None
 Auto vars:     Size  Location     Type
		None
 Return value:  Size  Location     Type
                  1    wreg      void 
 Registers used:
		None
 Tracked objects:
		On entry : 
		On exit  : 
		Unchanged: 
 Data sizes:     COMMON   BANK0   BANK1
      Params:         0       0       0
      Locals:         0       0       0
      Temps:          0       0       0
      Totals:         0       0       0
Total ram usage:        0 bytes
 Hardware stack levels used:    1
 This function calls:
		Nothing
 This function is called by:
		_main
 This function uses a non-reentrant model


 *************** function _desactivarTensionGrupo *****************
 Defined at:
		line 1044 in file "newmain.c"
 Parameters:    Size  Location     Type
		None
 Auto vars:     Size  Location     Type
		None
 Return value:  Size  Location     Type
                  1    wreg      void 
 Registers used:
		wreg, status,2, status,0, pclath, cstack
 Tracked objects:
		On entry : 
		On exit  : 
		Unchanged: 
 Data sizes:     COMMON   BANK0   BANK1
      Params:         0       0       0
      Locals:         0       0       0
      Temps:          0       0       0
      Totals:         0       0       0
Total ram usage:        0 bytes
 Hardware stack levels used:    1
 Hardware stack levels required when called:    1
 This function calls:
		_apagar_grupo_disponible
		_apagar_grupo_en_uso
		_desactivar_combustible
		_encender_alarma
 This function is called by:
		_main
 This function uses a non-reentrant model


 *************** function _desactivar_combustible *****************
 Defined at:
		line 362 in file "newmain.c"
 Parameters:    Size  Location     Type
		None
 Auto vars:     Size  Location     Type
		None
 Return value:  Size  Location     Type
                  1    wreg      void 
 Registers used:
		wreg
 Tracked objects:
		On entry : 
		On exit  : 
		Unchanged: 
 Data sizes:     COMMON   BANK0   BANK1
      Params:         0       0       0
      Locals:         0       0       0
      Temps:          0       3       0
      Totals:         0       3       0
Total ram usage:        3 bytes
 Hardware stack levels used:    1
 This function calls:
		Nothing
 This function is called by:
		_main
		_desactivarEquipo
		_desactivarTensionGrupo
 This function uses a non-reentrant model


 *************** function _apagar_grupo_en_uso *****************
 Defined at:
		line 499 in file "newmain.c"
 Parameters:    Size  Location     Type
		None
 Auto vars:     Size  Location     Type
		None
 Return value:  Size  Location     Type
                  1    wreg      void 
 Registers used:
		wreg
 Tracked objects:
		On entry : 
		On exit  : 
		Unchanged: 
 Data sizes:     COMMON   BANK0   BANK1
      Params:         0       0       0
      Locals:         0       0       0
      Temps:          0       3       0
      Totals:         0       3       0
Total ram usage:        3 bytes
 Hardware stack levels used:    1
 This function calls:
		Nothing
 This function is called by:
		_main
		_desactivarEquipo
		_desactivarTensionGrupo
 This function uses a non-reentrant model


 *************** function _apagar_grupo_disponible *****************
 Defined at:
		line 485 in file "newmain.c"
 Parameters:    Size  Location     Type
		None
 Auto vars:     Size  Location     Type
		None
 Return value:  Size  Location     Type
                  1    wreg      void 
 Registers used:
		wreg
 Tracked objects:
		On entry : 
		On exit  : 
		Unchanged: 
 Data sizes:     COMMON   BANK0   BANK1
      Params:         0       0       0
      Locals:         0       0       0
      Temps:          0       3       0
      Totals:         0       3       0
Total ram usage:        3 bytes
 Hardware stack levels used:    1
 This function calls:
		Nothing
 This function is called by:
		_main
		_desactivarEquipo
		_desactivarTensionGrupo
 This function uses a non-reentrant model


 *************** function _configuracion_inicial *****************
 Defined at:
		line 1052 in file "newmain.c"
 Parameters:    Size  Location     Type
		None
 Auto vars:     Size  Location     Type
		None
 Return value:  Size  Location     Type
                  1    wreg      void 
 Registers used:
		status,2
 Tracked objects:
		On entry : 
		On exit  : 
		Unchanged: 
 Data sizes:     COMMON   BANK0   BANK1
      Params:         0       0       0
      Locals:         0       0       0
      Temps:          0       0       0
      Totals:         0       0       0
Total ram usage:        0 bytes
 Hardware stack levels used:    1
 This function calls:
		Nothing
 This function is called by:
		_main
		_accionesPulsadores
 This function uses a non-reentrant model


 *************** function _activar_uso_de_red *****************
 Defined at:
		line 391 in file "newmain.c"
 Parameters:    Size  Location     Type
		None
 Auto vars:     Size  Location     Type
		None
 Return value:  Size  Location     Type
                  1    wreg      void 
 Registers used:
		None
 Tracked objects:
		On entry : 
		On exit  : 
		Unchanged: 
 Data sizes:     COMMON   BANK0   BANK1
      Params:         0       0       0
      Locals:         0       0       0
      Temps:          0       0       0
      Totals:         0       0       0
Total ram usage:        0 bytes
 Hardware stack levels used:    1
 This function calls:
		Nothing
 This function is called by:
		_main
 This function uses a non-reentrant model


 *************** function _accionar_temperatura_presion *****************
 Defined at:
		line 816 in file "newmain.c"
 Parameters:    Size  Location     Type
		None
 Auto vars:     Size  Location     Type
		None
 Return value:  Size  Location     Type
                  1    wreg      void 
 Registers used:
		wreg, fsr0l, fsr0h, status,2, status,0, pclath, cstack
 Tracked objects:
		On entry : 
		On exit  : 
		Unchanged: 
 Data sizes:     COMMON   BANK0   BANK1
      Params:         0       0       0
      Locals:         0       0       0
      Temps:          0       0       0
      Totals:         0       0       0
Total ram usage:        0 bytes
 Hardware stack levels used:    1
 Hardware stack levels required when called:    2
 This function calls:
		_apagar_grupo
 This function is called by:
		_main
 This function uses a non-reentrant model


 *************** function _apagar_grupo *****************
 Defined at:
		line 368 in file "newmain.c"
 Parameters:    Size  Location     Type
		None
 Auto vars:     Size  Location     Type
		None
 Return value:  Size  Location     Type
                  1    wreg      void 
 Registers used:
		wreg, status,2, status,0, pclath, cstack
 Tracked objects:
		On entry : 
		On exit  : 
		Unchanged: 
 Data sizes:     COMMON   BANK0   BANK1
      Params:         0       0       0
      Locals:         0       0       0
      Temps:          0       0       0
      Totals:         0       0       0
Total ram usage:        0 bytes
 Hardware stack levels used:    1
 Hardware stack levels required when called:    1
 This function calls:
		_encender_alarma
 This function is called by:
		_accionar_temperatura_presion
		_accionar_tension_grupo
 This function uses a non-reentrant model


 *************** function _encender_alarma *****************
 Defined at:
		line 416 in file "newmain.c"
 Parameters:    Size  Location     Type
		None
 Auto vars:     Size  Location     Type
		None
 Return value:  Size  Location     Type
                  1    wreg      void 
 Registers used:
		None
 Tracked objects:
		On entry : 
		On exit  : 
		Unchanged: 
 Data sizes:     COMMON   BANK0   BANK1
      Params:         0       0       0
      Locals:         0       0       0
      Temps:          0       0       0
      Totals:         0       0       0
Total ram usage:        0 bytes
 Hardware stack levels used:    1
 This function calls:
		Nothing
 This function is called by:
		_apagar_grupo
		_desactivarTensionGrupo
 This function uses a non-reentrant model


 *************** function _ADC_setear_Clock *****************
 Defined at:
		line 288 in file "newmain.c"
 Parameters:    Size  Location     Type
		None
 Auto vars:     Size  Location     Type
		None
 Return value:  Size  Location     Type
                  1    wreg      void 
 Registers used:
		None
 Tracked objects:
		On entry : 
		On exit  : 
		Unchanged: 
 Data sizes:     COMMON   BANK0   BANK1
      Params:         0       0       0
      Locals:         0       0       0
      Temps:          0       0       0
      Totals:         0       0       0
Total ram usage:        0 bytes
 Hardware stack levels used:    1
 This function calls:
		Nothing
 This function is called by:
		_main
 This function uses a non-reentrant model



MODULE INFORMATION

Module		Function		Class		Link	Load	Size
newmain.c
		_accionar_tension_grupo		CODE           	05C3	0000	63
		_desactivarTensionGrupo		CODE           	038F	0000	14
		_leer_tension_grupo		CODE           	0592	0000	50
		_encender_led_red_disponible		CODE           	0366	0000	5
		_funcion_minima		CODE           	045D	0000	23
		_reintentar_inicio		CODE           	0601	0000	65
		_apagar_led_red_disponible		CODE           	036A	0000	5
		_main          		CODE           	073A	0000	189
		_activarPrecalentamiento		CODE           	0447	0000	23
		_ADC_selectorCanal		CODE           	0489	0000	26
		_refrigeracion_de_grupo		CODE           	04E9	0000	39
		_apagar_grupo_en_uso		CODE           	03BD	0000	20
		_ADC_readValue 		CODE           	0385	0000	11
		_titilar_led_manual		CODE           	0473	0000	23
		_leer_tension_linea		CODE           	06E1	0000	90
		_ADC_start_conversion		CODE           	0372	0000	5
		_grupo_en_uso  		CODE           	0409	0000	20
		_accionar_temperatura_presion		CODE           	0561	0000	50
		_leer_temperatura_presion		CODE           	0641	0000	81
		_ADC_ON        		CODE           	039C	0000	15
		_activar_uso_de_red		CODE           	0362	0000	5
		_ADC_setear_Clock		CODE           	035A	0000	5
		_iniciar_equipo		CODE           	04C4	0000	38
		_leer_canales  		CODE           	0691	0000	81
		_desactivar_uso_de_red		CODE           	036E	0000	5
		_ADC_stop_conversion		CODE           	0376	0000	8
		_activarCombustible		CODE           	03E3	0000	20
		_encender_alarma		CODE           	035E	0000	5
		_apagar_grupo_disponible		CODE           	03AA	0000	20
		_configuracion_inicial		CODE           	04A2	0000	35
		_encenderTransferencia		CODE           	0537	0000	43
		_apagar_grupo  		CODE           	041C	0000	22
		_activarArranque		CODE           	0431	0000	23
		_desactivar_combustible		CODE           	03D0	0000	20
		_desactivarEquipo		CODE           	050F	0000	41
		_grupo_disponible		CODE           	03F6	0000	20

newmain.c estimated size: 1208

shared
		__initialization		CODE           	07F6	0000	8

shared estimated size: 8

